
Memory Configuration

Name             Origin             Length             Attributes
*default*        0x00000000         0xffffffff

Linker script and memory map

LOAD /home/liwenting/HCFA/v3s/rainbow-pi-sdk-1/u-boot-2011.09/arch/arm/cpu/armv7/sun8iw8/dram/libdram.o
LOAD /home/liwenting/HCFA/v3s/rainbow-pi-sdk-1/u-boot-2011.09/sunxi_spl/boot0/libs/libgeneric.o
LOAD /home/liwenting/HCFA/v3s/rainbow-pi-sdk-1/u-boot-2011.09/sunxi_spl/boot0/main/libmain.o
LOAD /home/liwenting/HCFA/v3s/rainbow-pi-sdk-1/u-boot-2011.09/sunxi_spl/boot0/spl/libsource_spl.o
LOAD /home/liwenting/HCFA/v3s/rainbow-pi-sdk-1/u-boot-2011.09/sunxi_spl/spl/lib/libgeneric.o
LOAD /home/liwenting/HCFA/v3s/rainbow-pi-sdk-1/u-boot-2011.09/arch/arm/cpu/armv7/sun8iw8/spinor/libspinor.o
LOAD /home/liwenting/HCFA/v3s/rainbow-pi-sdk-1/u-boot-2011.09/sunxi_spl/boot0/load_spinor/libloadspinor.o
LOAD /home/liwenting/HCFA/v3s/rainbow-pi-sdk-1/tools/external-toolchain/bin/../lib/gcc/arm-linux-gnueabi/4.6.3/libgcc.a
                0x00000000                . = 0x0
                0x00000000                . = ALIGN (0x4)

.head           0x00000000      0x2f8
 main/boot0_head.o(.rodata)
 .rodata        0x00000000      0x2f8 main/boot0_head.o
                0x00000000                BT0_head

.hash           0x000002f8       0x40
 main/boot0_hash.o(.data)
 .data          0x000002f8       0x40 main/boot0_hash.o
                0x000002f8                boot0_hash_value

.config         0x00000338      0x200
 main/boot0_config.o(.data)
 .data          0x00000338      0x200 main/boot0_config.o
                0x00000338                boot0_config
                0x00000538                . = ALIGN (0x1)

.text           0x00000538     0x26c0
 main/boot0_entry.o(.text)
 .text          0x00000538       0x6c main/boot0_entry.o
                0x00000538                _start
 *(.text)
 .text          0x000005a4     0x1750 /home/liwenting/HCFA/v3s/rainbow-pi-sdk-1/u-boot-2011.09/arch/arm/cpu/armv7/sun8iw8/dram/libdram.o
                0x000005a4                dram_udelay
                0x000005a8                paraconfig
                0x000005b4                auto_set_timing_para
                0x00000f68                ccm_set_pll_ddr1_clk
                0x00000fa4                ccm_set_pll_ddr0_clk
                0x00001004                mctl_sys_init
                0x0000115c                mctl_com_init
                0x000011ec                dq_group_delay
                0x0000121c                DRAMC_get_dram_size
                0x00001244                auto_detect_dram_size
                0x000013d8                dqs_dq_ac_ck_delay
                0x000014c4                mctl_channel_init
                0x00001a9c                dramc_simple_wr_test
                0x00001afc                init_DRAM
                0x00001c78                mctl_init
 .text          0x00001cf4      0x28c /home/liwenting/HCFA/v3s/rainbow-pi-sdk-1/u-boot-2011.09/sunxi_spl/boot0/libs/libgeneric.o
                0x00001cf4                check_magic
                0x00001d0a                check_sum
                0x00001d7c                check_file
                0x00001da4                verify_addsum
                0x00001e14                BOOT_NandGetPara
                0x00001e28                get_page_buf
                0x00001e30                g_mod
                0x00001e54                set_dram_para
                0x00001e70                cpu_init_s
                0x00001e80                mmu_setup
                0x00001ef4                mmu_turn_off
                0x00001f24                raise
                0x00001f28                __aeabi_unwind_cpp_pr0
                0x00001f2c                set_debugmode_flag
 .text          0x00001f80        0x2 /home/liwenting/HCFA/v3s/rainbow-pi-sdk-1/u-boot-2011.09/sunxi_spl/boot0/main/libmain.o
                0x00001f80                bias_calibration
 *fill*         0x00001f82        0x2 00
 .text          0x00001f84      0x4c8 /home/liwenting/HCFA/v3s/rainbow-pi-sdk-1/u-boot-2011.09/sunxi_spl/boot0/spl/libsource_spl.o
                0x00001f84                rtc_region_probe_fel_flag
                0x00001fbc                rtc_region_clear_fel_flag
                0x00001fc8                timer_init
                0x00002004                __msdelay
                0x0000201c                __usdelay
                0x00002034                timer_exit
                0x00002038                boot_set_gpio
                0x000022c0                sunxi_serial_init
                0x00002338                sunxi_serial_putc
                0x0000234c                sunxi_serial_getc
                0x00002360                sunxi_serial_tstc
                0x00002370                set_pll
                0x00002420                reset_pll
                0x0000243c                set_gpio_gate
 .text          0x0000244c      0x3b0 /home/liwenting/HCFA/v3s/rainbow-pi-sdk-1/u-boot-2011.09/sunxi_spl/spl/lib/libgeneric.o
                0x00002476                int_to_string_dec
                0x000024d6                int_to_string_hex
                0x000024f8                vsprintf
                0x00002596                puts
                0x000025aa                sprintf
                0x000025c2                printf
                0x000025f4                strcpy
                0x00002604                strncpy
                0x00002618                strcat
                0x00002634                strncat
                0x00002660                strcmp
                0x00002676                strncmp
                0x00002694                strchr
                0x000026ac                strlen
                0x000026bc                strrchr
                0x000026dc                strnlen
                0x000026f2                strspn
                0x00002716                memset
                0x00002724                memcpy
                0x00002736                memmove
                0x0000276e                memcmp
                0x0000278a                memscan
                0x000027a2                strstr
                0x000027d6                memchr
                0x000027f0                boot0_jump
 .text          0x000027fc      0x364 /home/liwenting/HCFA/v3s/rainbow-pi-sdk-1/u-boot-2011.09/arch/arm/cpu/armv7/sun8iw8/spinor/libspinor.o
                0x000027fc                spinor_init
                0x00002810                spinor_exit
                0x00002814                spinor_read
                0x00002888                spic_config_dual_mode
                0x0000289c                ccm_module_disable_bak
                0x000028b8                ccm_module_enable_bak
                0x000028d0                ccm_clock_enable_bak
                0x00002904                ccm_clock_disable_bak
                0x0000293c                ccm_module_reset_bak
                0x00002954                ccm_get_pll_periph_clk
                0x00002978                pattern_goto
                0x0000297a                spi_cfg_mclk
                0x000029dc                spi_get_mlk
                0x000029e8                spi_gpio_cfg
                0x00002a04                spi_onoff
                0x00002a2c                spic_set_clk
                0x00002a74                spic_init
                0x00002ab8                spic_rw
                0x00002b5c                spic_exit
 .text          0x00002b60       0x98 /home/liwenting/HCFA/v3s/rainbow-pi-sdk-1/u-boot-2011.09/sunxi_spl/boot0/load_spinor/libloadspinor.o
                0x00002b60                load_boot1_from_spinor
                0x00002bf4                load_boot1
 .text          0x00002bf8        0x0 main/boot0_head.o
 .text          0x00002bf8        0x0 main/boot0_hash.o
 .text          0x00002bf8        0x0 main/boot0_config.o

.glue_7         0x00002bf8        0x0
 .glue_7        0x00000000        0x0 linker stubs

.glue_7t        0x00002bf8        0x0
 .glue_7t       0x00000000        0x0 linker stubs

.vfp11_veneer   0x00002bf8        0x0
 .vfp11_veneer  0x00000000        0x0 linker stubs

.v4_bx          0x00002bf8        0x0
 .v4_bx         0x00000000        0x0 linker stubs

.iplt           0x00002bf8        0x0
 .iplt          0x00000000        0x0 /home/liwenting/HCFA/v3s/rainbow-pi-sdk-1/u-boot-2011.09/arch/arm/cpu/armv7/sun8iw8/dram/libdram.o

.text.startup   0x00002bf8       0xf8
 .text.startup  0x00002bf8       0xf8 /home/liwenting/HCFA/v3s/rainbow-pi-sdk-1/u-boot-2011.09/sunxi_spl/boot0/main/libmain.o
                0x00002bf8                main
                0x00002cf0                . = ALIGN (0x10)

.rodata         0x00002cf0      0x111
 *(.rodata)
 .rodata        0x00002cf0      0x100 /home/liwenting/HCFA/v3s/rainbow-pi-sdk-1/u-boot-2011.09/arch/arm/cpu/armv7/sun8iw8/dram/libdram.o
 .rodata        0x00002df0       0x11 /home/liwenting/HCFA/v3s/rainbow-pi-sdk-1/u-boot-2011.09/sunxi_spl/spl/lib/libgeneric.o

.rodata.str1.1  0x00002e01      0x295
 .rodata.str1.1
                0x00002e01       0x9a /home/liwenting/HCFA/v3s/rainbow-pi-sdk-1/u-boot-2011.09/arch/arm/cpu/armv7/sun8iw8/dram/libdram.o
 .rodata.str1.1
                0x00002e9b       0x20 /home/liwenting/HCFA/v3s/rainbow-pi-sdk-1/u-boot-2011.09/sunxi_spl/boot0/libs/libgeneric.o
                                 0x28 (size before relaxing)
 .rodata.str1.1
                0x00002ebb       0xac /home/liwenting/HCFA/v3s/rainbow-pi-sdk-1/u-boot-2011.09/sunxi_spl/boot0/main/libmain.o
 .rodata.str1.1
                0x00002f67       0x28 /home/liwenting/HCFA/v3s/rainbow-pi-sdk-1/u-boot-2011.09/sunxi_spl/boot0/spl/libsource_spl.o
 .rodata.str1.1
                0x00002f8f       0x2e /home/liwenting/HCFA/v3s/rainbow-pi-sdk-1/u-boot-2011.09/arch/arm/cpu/armv7/sun8iw8/spinor/libspinor.o
 .rodata.str1.1
                0x00002fbd       0xd9 /home/liwenting/HCFA/v3s/rainbow-pi-sdk-1/u-boot-2011.09/sunxi_spl/boot0/load_spinor/libloadspinor.o

.rel.dyn        0x00003098        0x0
 .rel.iplt      0x00000000        0x0 /home/liwenting/HCFA/v3s/rainbow-pi-sdk-1/u-boot-2011.09/arch/arm/cpu/armv7/sun8iw8/dram/libdram.o
                0x000030a0                . = ALIGN (0x10)

.data           0x000030a0        0x4
 *(.data)
 .data          0x000030a0        0x0 /home/liwenting/HCFA/v3s/rainbow-pi-sdk-1/u-boot-2011.09/arch/arm/cpu/armv7/sun8iw8/dram/libdram.o
 .data          0x000030a0        0x0 /home/liwenting/HCFA/v3s/rainbow-pi-sdk-1/u-boot-2011.09/sunxi_spl/boot0/libs/libgeneric.o
 .data          0x000030a0        0x0 /home/liwenting/HCFA/v3s/rainbow-pi-sdk-1/u-boot-2011.09/sunxi_spl/boot0/main/libmain.o
 .data          0x000030a0        0x0 /home/liwenting/HCFA/v3s/rainbow-pi-sdk-1/u-boot-2011.09/sunxi_spl/boot0/spl/libsource_spl.o
 .data          0x000030a0        0x4 /home/liwenting/HCFA/v3s/rainbow-pi-sdk-1/u-boot-2011.09/sunxi_spl/spl/lib/libgeneric.o
                0x000030a0                debug_mode
 .data          0x000030a4        0x0 /home/liwenting/HCFA/v3s/rainbow-pi-sdk-1/u-boot-2011.09/arch/arm/cpu/armv7/sun8iw8/spinor/libspinor.o
 .data          0x000030a4        0x0 /home/liwenting/HCFA/v3s/rainbow-pi-sdk-1/u-boot-2011.09/sunxi_spl/boot0/load_spinor/libloadspinor.o
 .data          0x000030a4        0x0 main/boot0_head.o
 .data          0x000030a4        0x0 main/boot0_entry.o

.igot.plt       0x000030a4        0x0
 .igot.plt      0x00000000        0x0 /home/liwenting/HCFA/v3s/rainbow-pi-sdk-1/u-boot-2011.09/arch/arm/cpu/armv7/sun8iw8/dram/libdram.o
                0x000030a4                . = ALIGN (0x4)

.bss            0x000030a4        0x8
                0x000030a4                __bss_start = .
 *(.bss)
 .bss           0x000030a4        0x0 /home/liwenting/HCFA/v3s/rainbow-pi-sdk-1/u-boot-2011.09/arch/arm/cpu/armv7/sun8iw8/dram/libdram.o
 .bss           0x000030a4        0x0 /home/liwenting/HCFA/v3s/rainbow-pi-sdk-1/u-boot-2011.09/sunxi_spl/boot0/libs/libgeneric.o
 .bss           0x000030a4        0x0 /home/liwenting/HCFA/v3s/rainbow-pi-sdk-1/u-boot-2011.09/sunxi_spl/boot0/main/libmain.o
 .bss           0x000030a4        0x4 /home/liwenting/HCFA/v3s/rainbow-pi-sdk-1/u-boot-2011.09/sunxi_spl/boot0/spl/libsource_spl.o
 .bss           0x000030a8        0x0 /home/liwenting/HCFA/v3s/rainbow-pi-sdk-1/u-boot-2011.09/sunxi_spl/spl/lib/libgeneric.o
 .bss           0x000030a8        0x4 /home/liwenting/HCFA/v3s/rainbow-pi-sdk-1/u-boot-2011.09/arch/arm/cpu/armv7/sun8iw8/spinor/libspinor.o
 .bss           0x000030ac        0x0 /home/liwenting/HCFA/v3s/rainbow-pi-sdk-1/u-boot-2011.09/sunxi_spl/boot0/load_spinor/libloadspinor.o
 .bss           0x000030ac        0x0 main/boot0_head.o
 .bss           0x000030ac        0x0 main/boot0_hash.o
 .bss           0x000030ac        0x0 main/boot0_config.o
 .bss           0x000030ac        0x0 main/boot0_entry.o
                0x000030ac                . = ALIGN (0x4)
                0x000030ac                __bss_end = .
                0x000030ac                _end = .
OUTPUT(boot0_spinor.axf elf32-littlearm)

.comment        0x00000000       0x64
 .comment       0x00000000       0x64 /home/liwenting/HCFA/v3s/rainbow-pi-sdk-1/u-boot-2011.09/arch/arm/cpu/armv7/sun8iw8/dram/libdram.o
                                 0x65 (size before relaxing)
 .comment       0x00000000      0x1f9 /home/liwenting/HCFA/v3s/rainbow-pi-sdk-1/u-boot-2011.09/sunxi_spl/boot0/libs/libgeneric.o
 .comment       0x00000000       0x65 /home/liwenting/HCFA/v3s/rainbow-pi-sdk-1/u-boot-2011.09/sunxi_spl/boot0/main/libmain.o
 .comment       0x00000000      0x1f9 /home/liwenting/HCFA/v3s/rainbow-pi-sdk-1/u-boot-2011.09/sunxi_spl/boot0/spl/libsource_spl.o
 .comment       0x00000000      0x12f /home/liwenting/HCFA/v3s/rainbow-pi-sdk-1/u-boot-2011.09/sunxi_spl/spl/lib/libgeneric.o
 .comment       0x00000000       0xca /home/liwenting/HCFA/v3s/rainbow-pi-sdk-1/u-boot-2011.09/arch/arm/cpu/armv7/sun8iw8/spinor/libspinor.o
 .comment       0x00000000       0x65 /home/liwenting/HCFA/v3s/rainbow-pi-sdk-1/u-boot-2011.09/sunxi_spl/boot0/load_spinor/libloadspinor.o
 .comment       0x00000000       0x65 main/boot0_head.o
 .comment       0x00000000       0x65 main/boot0_hash.o
 .comment       0x00000000       0x65 main/boot0_config.o

.note.GNU-stack
                0x00000000        0x0
 .note.GNU-stack
                0x00000000        0x0 /home/liwenting/HCFA/v3s/rainbow-pi-sdk-1/u-boot-2011.09/arch/arm/cpu/armv7/sun8iw8/dram/libdram.o
 .note.GNU-stack
                0x00000000        0x0 /home/liwenting/HCFA/v3s/rainbow-pi-sdk-1/u-boot-2011.09/sunxi_spl/boot0/libs/libgeneric.o
 .note.GNU-stack
                0x00000000        0x0 /home/liwenting/HCFA/v3s/rainbow-pi-sdk-1/u-boot-2011.09/sunxi_spl/boot0/main/libmain.o
 .note.GNU-stack
                0x00000000        0x0 /home/liwenting/HCFA/v3s/rainbow-pi-sdk-1/u-boot-2011.09/sunxi_spl/boot0/spl/libsource_spl.o
 .note.GNU-stack
                0x00000000        0x0 /home/liwenting/HCFA/v3s/rainbow-pi-sdk-1/u-boot-2011.09/sunxi_spl/spl/lib/libgeneric.o
 .note.GNU-stack
                0x00000000        0x0 /home/liwenting/HCFA/v3s/rainbow-pi-sdk-1/u-boot-2011.09/arch/arm/cpu/armv7/sun8iw8/spinor/libspinor.o
 .note.GNU-stack
                0x00000000        0x0 /home/liwenting/HCFA/v3s/rainbow-pi-sdk-1/u-boot-2011.09/sunxi_spl/boot0/load_spinor/libloadspinor.o
 .note.GNU-stack
                0x00000000        0x0 main/boot0_head.o
 .note.GNU-stack
                0x00000000        0x0 main/boot0_hash.o
 .note.GNU-stack
                0x00000000        0x0 main/boot0_config.o

.ARM.attributes
                0x00000000       0x3d
 .ARM.attributes
                0x00000000       0x3b /home/liwenting/HCFA/v3s/rainbow-pi-sdk-1/u-boot-2011.09/arch/arm/cpu/armv7/sun8iw8/dram/libdram.o
 .ARM.attributes
                0x0000003b       0x3b /home/liwenting/HCFA/v3s/rainbow-pi-sdk-1/u-boot-2011.09/sunxi_spl/boot0/libs/libgeneric.o
 .ARM.attributes
                0x00000076       0x3b /home/liwenting/HCFA/v3s/rainbow-pi-sdk-1/u-boot-2011.09/sunxi_spl/boot0/main/libmain.o
 .ARM.attributes
                0x000000b1       0x3b /home/liwenting/HCFA/v3s/rainbow-pi-sdk-1/u-boot-2011.09/sunxi_spl/boot0/spl/libsource_spl.o
 .ARM.attributes
                0x000000ec       0x3b /home/liwenting/HCFA/v3s/rainbow-pi-sdk-1/u-boot-2011.09/sunxi_spl/spl/lib/libgeneric.o
 .ARM.attributes
                0x00000127       0x3b /home/liwenting/HCFA/v3s/rainbow-pi-sdk-1/u-boot-2011.09/arch/arm/cpu/armv7/sun8iw8/spinor/libspinor.o
 .ARM.attributes
                0x00000162       0x3b /home/liwenting/HCFA/v3s/rainbow-pi-sdk-1/u-boot-2011.09/sunxi_spl/boot0/load_spinor/libloadspinor.o
 .ARM.attributes
                0x0000019d       0x3b main/boot0_head.o
 .ARM.attributes
                0x000001d8       0x3b main/boot0_hash.o
 .ARM.attributes
                0x00000213       0x3b main/boot0_config.o
 .ARM.attributes
                0x0000024e       0x2d main/boot0_entry.o

.debug_aranges  0x00000000      0x268
 .debug_aranges
                0x00000000       0x20 /home/liwenting/HCFA/v3s/rainbow-pi-sdk-1/u-boot-2011.09/arch/arm/cpu/armv7/sun8iw8/dram/libdram.o
 .debug_aranges
                0x00000020       0xa0 /home/liwenting/HCFA/v3s/rainbow-pi-sdk-1/u-boot-2011.09/sunxi_spl/boot0/libs/libgeneric.o
 .debug_aranges
                0x000000c0       0x28 /home/liwenting/HCFA/v3s/rainbow-pi-sdk-1/u-boot-2011.09/sunxi_spl/boot0/main/libmain.o
 .debug_aranges
                0x000000e8       0xa0 /home/liwenting/HCFA/v3s/rainbow-pi-sdk-1/u-boot-2011.09/sunxi_spl/boot0/spl/libsource_spl.o
 .debug_aranges
                0x00000188       0x60 /home/liwenting/HCFA/v3s/rainbow-pi-sdk-1/u-boot-2011.09/sunxi_spl/spl/lib/libgeneric.o
 .debug_aranges
                0x000001e8       0x40 /home/liwenting/HCFA/v3s/rainbow-pi-sdk-1/u-boot-2011.09/arch/arm/cpu/armv7/sun8iw8/spinor/libspinor.o
 .debug_aranges
                0x00000228       0x20 /home/liwenting/HCFA/v3s/rainbow-pi-sdk-1/u-boot-2011.09/sunxi_spl/boot0/load_spinor/libloadspinor.o
 .debug_aranges
                0x00000248       0x20 main/boot0_entry.o

.debug_info     0x00000000     0x5040
 .debug_info    0x00000000      0xc40 /home/liwenting/HCFA/v3s/rainbow-pi-sdk-1/u-boot-2011.09/arch/arm/cpu/armv7/sun8iw8/dram/libdram.o
 .debug_info    0x00000c40     0x123d /home/liwenting/HCFA/v3s/rainbow-pi-sdk-1/u-boot-2011.09/sunxi_spl/boot0/libs/libgeneric.o
 .debug_info    0x00001e7d      0x44d /home/liwenting/HCFA/v3s/rainbow-pi-sdk-1/u-boot-2011.09/sunxi_spl/boot0/main/libmain.o
 .debug_info    0x000022ca      0xfe0 /home/liwenting/HCFA/v3s/rainbow-pi-sdk-1/u-boot-2011.09/sunxi_spl/boot0/spl/libsource_spl.o
 .debug_info    0x000032aa      0xa7d /home/liwenting/HCFA/v3s/rainbow-pi-sdk-1/u-boot-2011.09/sunxi_spl/spl/lib/libgeneric.o
 .debug_info    0x00003d27      0x9e2 /home/liwenting/HCFA/v3s/rainbow-pi-sdk-1/u-boot-2011.09/arch/arm/cpu/armv7/sun8iw8/spinor/libspinor.o
 .debug_info    0x00004709      0x3a9 /home/liwenting/HCFA/v3s/rainbow-pi-sdk-1/u-boot-2011.09/sunxi_spl/boot0/load_spinor/libloadspinor.o
 .debug_info    0x00004ab2      0x378 main/boot0_head.o
 .debug_info    0x00004e2a       0x95 main/boot0_hash.o
 .debug_info    0x00004ebf       0xff main/boot0_config.o
 .debug_info    0x00004fbe       0x82 main/boot0_entry.o

.debug_abbrev   0x00000000     0x1618
 .debug_abbrev  0x00000000      0x299 /home/liwenting/HCFA/v3s/rainbow-pi-sdk-1/u-boot-2011.09/arch/arm/cpu/armv7/sun8iw8/dram/libdram.o
 .debug_abbrev  0x00000299      0x3eb /home/liwenting/HCFA/v3s/rainbow-pi-sdk-1/u-boot-2011.09/sunxi_spl/boot0/libs/libgeneric.o
 .debug_abbrev  0x00000684      0x116 /home/liwenting/HCFA/v3s/rainbow-pi-sdk-1/u-boot-2011.09/sunxi_spl/boot0/main/libmain.o
 .debug_abbrev  0x0000079a      0x566 /home/liwenting/HCFA/v3s/rainbow-pi-sdk-1/u-boot-2011.09/sunxi_spl/boot0/spl/libsource_spl.o
 .debug_abbrev  0x00000d00      0x32b /home/liwenting/HCFA/v3s/rainbow-pi-sdk-1/u-boot-2011.09/sunxi_spl/spl/lib/libgeneric.o
 .debug_abbrev  0x0000102b      0x392 /home/liwenting/HCFA/v3s/rainbow-pi-sdk-1/u-boot-2011.09/arch/arm/cpu/armv7/sun8iw8/spinor/libspinor.o
 .debug_abbrev  0x000013bd       0xda /home/liwenting/HCFA/v3s/rainbow-pi-sdk-1/u-boot-2011.09/sunxi_spl/boot0/load_spinor/libloadspinor.o
 .debug_abbrev  0x00001497       0x9f main/boot0_head.o
 .debug_abbrev  0x00001536       0x4d main/boot0_hash.o
 .debug_abbrev  0x00001583       0x81 main/boot0_config.o
 .debug_abbrev  0x00001604       0x14 main/boot0_entry.o

.debug_line     0x00000000     0x212d
 .debug_line    0x00000000      0x902 /home/liwenting/HCFA/v3s/rainbow-pi-sdk-1/u-boot-2011.09/arch/arm/cpu/armv7/sun8iw8/dram/libdram.o
 .debug_line    0x00000902      0x642 /home/liwenting/HCFA/v3s/rainbow-pi-sdk-1/u-boot-2011.09/sunxi_spl/boot0/libs/libgeneric.o
 .debug_line    0x00000f44      0x139 /home/liwenting/HCFA/v3s/rainbow-pi-sdk-1/u-boot-2011.09/sunxi_spl/boot0/main/libmain.o
 .debug_line    0x0000107d      0x5e5 /home/liwenting/HCFA/v3s/rainbow-pi-sdk-1/u-boot-2011.09/sunxi_spl/boot0/spl/libsource_spl.o
 .debug_line    0x00001662      0x46a /home/liwenting/HCFA/v3s/rainbow-pi-sdk-1/u-boot-2011.09/sunxi_spl/spl/lib/libgeneric.o
 .debug_line    0x00001acc      0x2c2 /home/liwenting/HCFA/v3s/rainbow-pi-sdk-1/u-boot-2011.09/arch/arm/cpu/armv7/sun8iw8/spinor/libspinor.o
 .debug_line    0x00001d8e      0x167 /home/liwenting/HCFA/v3s/rainbow-pi-sdk-1/u-boot-2011.09/sunxi_spl/boot0/load_spinor/libloadspinor.o
 .debug_line    0x00001ef5       0xe1 main/boot0_head.o
 .debug_line    0x00001fd6       0x2d main/boot0_hash.o
 .debug_line    0x00002003       0xd3 main/boot0_config.o
 .debug_line    0x000020d6       0x57 main/boot0_entry.o

.debug_frame    0x00000000      0x980
 .debug_frame   0x00000000      0x1a8 /home/liwenting/HCFA/v3s/rainbow-pi-sdk-1/u-boot-2011.09/arch/arm/cpu/armv7/sun8iw8/dram/libdram.o
 .debug_frame   0x000001a8      0x18c /home/liwenting/HCFA/v3s/rainbow-pi-sdk-1/u-boot-2011.09/sunxi_spl/boot0/libs/libgeneric.o
 .debug_frame   0x00000334       0x3c /home/liwenting/HCFA/v3s/rainbow-pi-sdk-1/u-boot-2011.09/sunxi_spl/boot0/main/libmain.o
 .debug_frame   0x00000370      0x170 /home/liwenting/HCFA/v3s/rainbow-pi-sdk-1/u-boot-2011.09/sunxi_spl/boot0/spl/libsource_spl.o
 .debug_frame   0x000004e0      0x2c0 /home/liwenting/HCFA/v3s/rainbow-pi-sdk-1/u-boot-2011.09/sunxi_spl/spl/lib/libgeneric.o
 .debug_frame   0x000007a0      0x1a4 /home/liwenting/HCFA/v3s/rainbow-pi-sdk-1/u-boot-2011.09/arch/arm/cpu/armv7/sun8iw8/spinor/libspinor.o
 .debug_frame   0x00000944       0x3c /home/liwenting/HCFA/v3s/rainbow-pi-sdk-1/u-boot-2011.09/sunxi_spl/boot0/load_spinor/libloadspinor.o

.debug_str      0x00000000     0x11ea
 .debug_str     0x00000000      0x470 /home/liwenting/HCFA/v3s/rainbow-pi-sdk-1/u-boot-2011.09/arch/arm/cpu/armv7/sun8iw8/dram/libdram.o
                                0x4cd (size before relaxing)
 .debug_str     0x00000470      0x426 /home/liwenting/HCFA/v3s/rainbow-pi-sdk-1/u-boot-2011.09/sunxi_spl/boot0/libs/libgeneric.o
                                0xe0e (size before relaxing)
 .debug_str     0x00000896       0xdf /home/liwenting/HCFA/v3s/rainbow-pi-sdk-1/u-boot-2011.09/sunxi_spl/boot0/main/libmain.o
                                0x390 (size before relaxing)
 .debug_str     0x00000975      0x35f /home/liwenting/HCFA/v3s/rainbow-pi-sdk-1/u-boot-2011.09/sunxi_spl/boot0/spl/libsource_spl.o
                                0x8d9 (size before relaxing)
 .debug_str     0x00000cd4      0x198 /home/liwenting/HCFA/v3s/rainbow-pi-sdk-1/u-boot-2011.09/sunxi_spl/spl/lib/libgeneric.o
                                0x482 (size before relaxing)
 .debug_str     0x00000e6c      0x26f /home/liwenting/HCFA/v3s/rainbow-pi-sdk-1/u-boot-2011.09/arch/arm/cpu/armv7/sun8iw8/spinor/libspinor.o
                                0x454 (size before relaxing)
 .debug_str     0x000010db       0xae /home/liwenting/HCFA/v3s/rainbow-pi-sdk-1/u-boot-2011.09/sunxi_spl/boot0/load_spinor/libloadspinor.o
                                0x32b (size before relaxing)
 .debug_str     0x00001189        0xd main/boot0_head.o
                                0x2fe (size before relaxing)
 .debug_str     0x00001196        0xd main/boot0_hash.o
                                0x117 (size before relaxing)
 .debug_str     0x000011a3       0x47 main/boot0_config.o
                                0x16e (size before relaxing)

.debug_loc      0x00000000     0x4b3a
 .debug_loc     0x00000000     0x2467 /home/liwenting/HCFA/v3s/rainbow-pi-sdk-1/u-boot-2011.09/arch/arm/cpu/armv7/sun8iw8/dram/libdram.o
 .debug_loc     0x00002467      0x55e /home/liwenting/HCFA/v3s/rainbow-pi-sdk-1/u-boot-2011.09/sunxi_spl/boot0/libs/libgeneric.o
 .debug_loc     0x000029c5       0x9b /home/liwenting/HCFA/v3s/rainbow-pi-sdk-1/u-boot-2011.09/sunxi_spl/boot0/main/libmain.o
 .debug_loc     0x00002a60      0xc83 /home/liwenting/HCFA/v3s/rainbow-pi-sdk-1/u-boot-2011.09/sunxi_spl/boot0/spl/libsource_spl.o
 .debug_loc     0x000036e3      0xb5b /home/liwenting/HCFA/v3s/rainbow-pi-sdk-1/u-boot-2011.09/sunxi_spl/spl/lib/libgeneric.o
 .debug_loc     0x0000423e      0x86f /home/liwenting/HCFA/v3s/rainbow-pi-sdk-1/u-boot-2011.09/arch/arm/cpu/armv7/sun8iw8/spinor/libspinor.o
 .debug_loc     0x00004aad       0x8d /home/liwenting/HCFA/v3s/rainbow-pi-sdk-1/u-boot-2011.09/sunxi_spl/boot0/load_spinor/libloadspinor.o

.debug_ranges   0x00000000      0x340
 .debug_ranges  0x00000000      0x150 /home/liwenting/HCFA/v3s/rainbow-pi-sdk-1/u-boot-2011.09/arch/arm/cpu/armv7/sun8iw8/dram/libdram.o
 .debug_ranges  0x00000150       0x18 /home/liwenting/HCFA/v3s/rainbow-pi-sdk-1/u-boot-2011.09/sunxi_spl/boot0/main/libmain.o
 .debug_ranges  0x00000168       0xd8 /home/liwenting/HCFA/v3s/rainbow-pi-sdk-1/u-boot-2011.09/sunxi_spl/boot0/spl/libsource_spl.o
 .debug_ranges  0x00000240      0x100 /home/liwenting/HCFA/v3s/rainbow-pi-sdk-1/u-boot-2011.09/arch/arm/cpu/armv7/sun8iw8/spinor/libspinor.o
