
Memory Configuration

Name             Origin             Length             Attributes
*default*        0x00000000         0xffffffff

Linker script and memory map

LOAD /home/liwenting/HCFA/v3s/rainbow-pi-sdk-1/u-boot-2011.09/arch/arm/cpu/armv7/sun8iw8/dram/libdram.o
LOAD /home/liwenting/HCFA/v3s/rainbow-pi-sdk-1/u-boot-2011.09/sunxi_spl/boot0/libs/libgeneric.o
LOAD /home/liwenting/HCFA/v3s/rainbow-pi-sdk-1/u-boot-2011.09/sunxi_spl/boot0/main/libmain.o
LOAD /home/liwenting/HCFA/v3s/rainbow-pi-sdk-1/u-boot-2011.09/sunxi_spl/boot0/spl/libsource_spl.o
LOAD /home/liwenting/HCFA/v3s/rainbow-pi-sdk-1/u-boot-2011.09/sunxi_spl/spl/lib/libgeneric.o
LOAD /home/liwenting/HCFA/v3s/rainbow-pi-sdk-1/u-boot-2011.09/arch/arm/cpu/armv7/sun8iw8/spinand/libspinand.o
LOAD /home/liwenting/HCFA/v3s/rainbow-pi-sdk-1/u-boot-2011.09/sunxi_spl/boot0/load_spinand/libloadspinand.o
LOAD /home/liwenting/HCFA/v3s/rainbow-pi-sdk-1/tools/external-toolchain/bin/../lib/gcc/arm-linux-gnueabi/4.6.3/libgcc.a
                0x00000000                . = 0x0
                0x00000000                . = ALIGN (0x4)

.head           0x00000000      0x2f8
 main/boot0_head.o(.rodata)
 .rodata        0x00000000      0x2f8 main/boot0_head.o
                0x00000000                BT0_head

.hash           0x000002f8       0x40
 main/boot0_hash.o(.data)
 .data          0x000002f8       0x40 main/boot0_hash.o
                0x000002f8                boot0_hash_value

.config         0x00000338      0x200
 main/boot0_config.o(.data)
 .data          0x00000338      0x200 main/boot0_config.o
                0x00000338                boot0_config
                0x00000538                . = ALIGN (0x1)

.text           0x00000538     0x2d10
 main/boot0_entry.o(.text)
 .text          0x00000538       0x6c main/boot0_entry.o
                0x00000538                _start
 *(.text)
 .text          0x000005a4     0x1750 /home/liwenting/HCFA/v3s/rainbow-pi-sdk-1/u-boot-2011.09/arch/arm/cpu/armv7/sun8iw8/dram/libdram.o
                0x000005a4                dram_udelay
                0x000005a8                paraconfig
                0x000005b4                auto_set_timing_para
                0x00000f68                ccm_set_pll_ddr1_clk
                0x00000fa4                ccm_set_pll_ddr0_clk
                0x00001004                mctl_sys_init
                0x0000115c                mctl_com_init
                0x000011ec                dq_group_delay
                0x0000121c                DRAMC_get_dram_size
                0x00001244                auto_detect_dram_size
                0x000013d8                dqs_dq_ac_ck_delay
                0x000014c4                mctl_channel_init
                0x00001a9c                dramc_simple_wr_test
                0x00001afc                init_DRAM
                0x00001c78                mctl_init
 .text          0x00001cf4      0x28c /home/liwenting/HCFA/v3s/rainbow-pi-sdk-1/u-boot-2011.09/sunxi_spl/boot0/libs/libgeneric.o
                0x00001cf4                check_magic
                0x00001d0a                check_sum
                0x00001d7c                check_file
                0x00001da4                verify_addsum
                0x00001e14                BOOT_NandGetPara
                0x00001e28                get_page_buf
                0x00001e30                g_mod
                0x00001e54                set_dram_para
                0x00001e70                cpu_init_s
                0x00001e80                mmu_setup
                0x00001ef4                mmu_turn_off
                0x00001f24                raise
                0x00001f28                __aeabi_unwind_cpp_pr0
                0x00001f2c                set_debugmode_flag
 .text          0x00001f80        0x2 /home/liwenting/HCFA/v3s/rainbow-pi-sdk-1/u-boot-2011.09/sunxi_spl/boot0/main/libmain.o
                0x00001f80                bias_calibration
 *fill*         0x00001f82        0x2 00
 .text          0x00001f84      0x4c8 /home/liwenting/HCFA/v3s/rainbow-pi-sdk-1/u-boot-2011.09/sunxi_spl/boot0/spl/libsource_spl.o
                0x00001f84                rtc_region_probe_fel_flag
                0x00001fbc                rtc_region_clear_fel_flag
                0x00001fc8                timer_init
                0x00002004                __msdelay
                0x0000201c                __usdelay
                0x00002034                timer_exit
                0x00002038                boot_set_gpio
                0x000022c0                sunxi_serial_init
                0x00002338                sunxi_serial_putc
                0x0000234c                sunxi_serial_getc
                0x00002360                sunxi_serial_tstc
                0x00002370                set_pll
                0x00002420                reset_pll
                0x0000243c                set_gpio_gate
 .text          0x0000244c      0x3b0 /home/liwenting/HCFA/v3s/rainbow-pi-sdk-1/u-boot-2011.09/sunxi_spl/spl/lib/libgeneric.o
                0x00002476                int_to_string_dec
                0x000024d6                int_to_string_hex
                0x000024f8                vsprintf
                0x00002596                puts
                0x000025aa                sprintf
                0x000025c2                printf
                0x000025f4                strcpy
                0x00002604                strncpy
                0x00002618                strcat
                0x00002634                strncat
                0x00002660                strcmp
                0x00002676                strncmp
                0x00002694                strchr
                0x000026ac                strlen
                0x000026bc                strrchr
                0x000026dc                strnlen
                0x000026f2                strspn
                0x00002716                memset
                0x00002724                memcpy
                0x00002736                memmove
                0x0000276e                memcmp
                0x0000278a                memscan
                0x000027a2                strstr
                0x000027d6                memchr
                0x000027f0                boot0_jump
 .text          0x000027fc      0x920 /home/liwenting/HCFA/v3s/rainbow-pi-sdk-1/u-boot-2011.09/arch/arm/cpu/armv7/sun8iw8/spinand/libspinand.o
                0x000027fc                Wait_Tc_Complete
                0x0000282c                Spic_init
                0x00002880                Spic_exit
                0x000028b0                Spic_set_master_slave
                0x000028c8                Spic_sel_ss
                0x000028e0                Spic_set_transmit_LSB
                0x000028f8                Spic_set_ss_level
                0x00002910                Spic_set_sample_mode
                0x00002928                Spic_set_sample
                0x00002940                Spic_set_trans_mode
                0x00002958                Spic_set_wait_clk
                0x00002968                Spic_config_dual_mode
                0x0000297c                Spic_rw
                0x00002a6c                BOOT_AnalyzeSpiNandSystem
                0x00002aa0                SpiNand_GetFlashInfo
                0x00002ad4                SpiNand_PhyExit
                0x00002ae0                SpiNand_PhyInit
                0x00002ba0                SpiNand_Check_BadBlock
                0x00002be4                SpiNand_Read
                0x00002c68                Spinand_Load_Boot1_Copy
                0x00002ce4                spi_nand_getsr
                0x00002d18                spi_wait_status
                0x00002d60                spi_nand_read_status
                0x00002dc8                spi_nand_reset
                0x00002e08                spi_nand_read_x1
                0x00002fc8                read_single_page
                0x00003020                SPINAND_GetIOBaseAddr
                0x00003028                Getpll6Clk
                0x0000302e                SPINAND_ClkRequest
                0x00003064                SPINAND_ClkRelease
                0x00003066                SPINAND_SetClk
                0x000030a4                SPINAND_GetClk
                0x000030ec                SPINAND_PIORequest
                0x00003114                SPINAND_PIORelease
                0x00003116                SPINAND_Malloc
 .text          0x0000311c      0x12c /home/liwenting/HCFA/v3s/rainbow-pi-sdk-1/u-boot-2011.09/sunxi_spl/boot0/load_spinand/libloadspinand.o
                0x0000311c                load_Boot1_from_spinand
                0x00003244                load_boot1
 .text          0x00003248        0x0 main/boot0_head.o
 .text          0x00003248        0x0 main/boot0_hash.o
 .text          0x00003248        0x0 main/boot0_config.o

.glue_7         0x00003248        0x0
 .glue_7        0x00000000        0x0 linker stubs

.glue_7t        0x00003248        0x0
 .glue_7t       0x00000000        0x0 linker stubs

.vfp11_veneer   0x00003248        0x0
 .vfp11_veneer  0x00000000        0x0 linker stubs

.v4_bx          0x00003248        0x0
 .v4_bx         0x00000000        0x0 linker stubs

.iplt           0x00003248        0x0
 .iplt          0x00000000        0x0 /home/liwenting/HCFA/v3s/rainbow-pi-sdk-1/u-boot-2011.09/arch/arm/cpu/armv7/sun8iw8/dram/libdram.o

.text.startup   0x00003248       0xf8
 .text.startup  0x00003248       0xf8 /home/liwenting/HCFA/v3s/rainbow-pi-sdk-1/u-boot-2011.09/sunxi_spl/boot0/main/libmain.o
                0x00003248                main
                0x00003340                . = ALIGN (0x10)

.rodata         0x00003340      0x111
 *(.rodata)
 .rodata        0x00003340      0x100 /home/liwenting/HCFA/v3s/rainbow-pi-sdk-1/u-boot-2011.09/arch/arm/cpu/armv7/sun8iw8/dram/libdram.o
 .rodata        0x00003440       0x11 /home/liwenting/HCFA/v3s/rainbow-pi-sdk-1/u-boot-2011.09/sunxi_spl/spl/lib/libgeneric.o

.rodata.str1.1  0x00003451      0x5d4
 .rodata.str1.1
                0x00003451       0x9a /home/liwenting/HCFA/v3s/rainbow-pi-sdk-1/u-boot-2011.09/arch/arm/cpu/armv7/sun8iw8/dram/libdram.o
 .rodata.str1.1
                0x000034eb       0x20 /home/liwenting/HCFA/v3s/rainbow-pi-sdk-1/u-boot-2011.09/sunxi_spl/boot0/libs/libgeneric.o
                                 0x28 (size before relaxing)
 .rodata.str1.1
                0x0000350b       0xac /home/liwenting/HCFA/v3s/rainbow-pi-sdk-1/u-boot-2011.09/sunxi_spl/boot0/main/libmain.o
 .rodata.str1.1
                0x000035b7       0x28 /home/liwenting/HCFA/v3s/rainbow-pi-sdk-1/u-boot-2011.09/sunxi_spl/boot0/spl/libsource_spl.o
 .rodata.str1.1
                0x000035df      0x29f /home/liwenting/HCFA/v3s/rainbow-pi-sdk-1/u-boot-2011.09/arch/arm/cpu/armv7/sun8iw8/spinand/libspinand.o
 .rodata.str1.1
                0x0000387e      0x1a7 /home/liwenting/HCFA/v3s/rainbow-pi-sdk-1/u-boot-2011.09/sunxi_spl/boot0/load_spinand/libloadspinand.o

.rel.dyn        0x00003a28        0x0
 .rel.iplt      0x00000000        0x0 /home/liwenting/HCFA/v3s/rainbow-pi-sdk-1/u-boot-2011.09/arch/arm/cpu/armv7/sun8iw8/dram/libdram.o
                0x00003a30                . = ALIGN (0x10)

.data           0x00003a30        0x4
 *(.data)
 .data          0x00003a30        0x0 /home/liwenting/HCFA/v3s/rainbow-pi-sdk-1/u-boot-2011.09/arch/arm/cpu/armv7/sun8iw8/dram/libdram.o
 .data          0x00003a30        0x0 /home/liwenting/HCFA/v3s/rainbow-pi-sdk-1/u-boot-2011.09/sunxi_spl/boot0/libs/libgeneric.o
 .data          0x00003a30        0x0 /home/liwenting/HCFA/v3s/rainbow-pi-sdk-1/u-boot-2011.09/sunxi_spl/boot0/main/libmain.o
 .data          0x00003a30        0x0 /home/liwenting/HCFA/v3s/rainbow-pi-sdk-1/u-boot-2011.09/sunxi_spl/boot0/spl/libsource_spl.o
 .data          0x00003a30        0x4 /home/liwenting/HCFA/v3s/rainbow-pi-sdk-1/u-boot-2011.09/sunxi_spl/spl/lib/libgeneric.o
                0x00003a30                debug_mode
 .data          0x00003a34        0x0 /home/liwenting/HCFA/v3s/rainbow-pi-sdk-1/u-boot-2011.09/arch/arm/cpu/armv7/sun8iw8/spinand/libspinand.o
 .data          0x00003a34        0x0 /home/liwenting/HCFA/v3s/rainbow-pi-sdk-1/u-boot-2011.09/sunxi_spl/boot0/load_spinand/libloadspinand.o
 .data          0x00003a34        0x0 main/boot0_head.o
 .data          0x00003a34        0x0 main/boot0_entry.o

.igot.plt       0x00003a34        0x0
 .igot.plt      0x00000000        0x0 /home/liwenting/HCFA/v3s/rainbow-pi-sdk-1/u-boot-2011.09/arch/arm/cpu/armv7/sun8iw8/dram/libdram.o
                0x00003a34                . = ALIGN (0x4)

.bss            0x00003a34       0x24
                0x00003a34                __bss_start = .
 *(.bss)
 .bss           0x00003a34        0x0 /home/liwenting/HCFA/v3s/rainbow-pi-sdk-1/u-boot-2011.09/arch/arm/cpu/armv7/sun8iw8/dram/libdram.o
 .bss           0x00003a34        0x0 /home/liwenting/HCFA/v3s/rainbow-pi-sdk-1/u-boot-2011.09/sunxi_spl/boot0/libs/libgeneric.o
 .bss           0x00003a34        0x0 /home/liwenting/HCFA/v3s/rainbow-pi-sdk-1/u-boot-2011.09/sunxi_spl/boot0/main/libmain.o
 .bss           0x00003a34        0x4 /home/liwenting/HCFA/v3s/rainbow-pi-sdk-1/u-boot-2011.09/sunxi_spl/boot0/spl/libsource_spl.o
 .bss           0x00003a38        0x0 /home/liwenting/HCFA/v3s/rainbow-pi-sdk-1/u-boot-2011.09/sunxi_spl/spl/lib/libgeneric.o
 .bss           0x00003a38       0x20 /home/liwenting/HCFA/v3s/rainbow-pi-sdk-1/u-boot-2011.09/arch/arm/cpu/armv7/sun8iw8/spinand/libspinand.o
                0x00003a38                SPIC_IO_BASE
                0x00003a3c                OperationOpt
                0x00003a40                page_for_bad_block
                0x00003a44                SPN_BLOCK_SIZE
                0x00003a48                SPN_PAGE_SIZE
                0x00003a4c                SPN_BLK_SZ_WIDTH
                0x00003a50                UBOOT_LAST_BLK_NUM
                0x00003a54                SPN_PG_SZ_WIDTH
 .bss           0x00003a58        0x0 /home/liwenting/HCFA/v3s/rainbow-pi-sdk-1/u-boot-2011.09/sunxi_spl/boot0/load_spinand/libloadspinand.o
 .bss           0x00003a58        0x0 main/boot0_head.o
 .bss           0x00003a58        0x0 main/boot0_hash.o
 .bss           0x00003a58        0x0 main/boot0_config.o
 .bss           0x00003a58        0x0 main/boot0_entry.o
                0x00003a58                . = ALIGN (0x4)
                0x00003a58                __bss_end = .
                0x00003a58                _end = .
OUTPUT(boot0_spinand.axf elf32-littlearm)

.comment        0x00000000       0x64
 .comment       0x00000000       0x64 /home/liwenting/HCFA/v3s/rainbow-pi-sdk-1/u-boot-2011.09/arch/arm/cpu/armv7/sun8iw8/dram/libdram.o
                                 0x65 (size before relaxing)
 .comment       0x00000000      0x1f9 /home/liwenting/HCFA/v3s/rainbow-pi-sdk-1/u-boot-2011.09/sunxi_spl/boot0/libs/libgeneric.o
 .comment       0x00000000       0x65 /home/liwenting/HCFA/v3s/rainbow-pi-sdk-1/u-boot-2011.09/sunxi_spl/boot0/main/libmain.o
 .comment       0x00000000      0x1f9 /home/liwenting/HCFA/v3s/rainbow-pi-sdk-1/u-boot-2011.09/sunxi_spl/boot0/spl/libsource_spl.o
 .comment       0x00000000      0x12f /home/liwenting/HCFA/v3s/rainbow-pi-sdk-1/u-boot-2011.09/sunxi_spl/spl/lib/libgeneric.o
 .comment       0x00000000      0x194 /home/liwenting/HCFA/v3s/rainbow-pi-sdk-1/u-boot-2011.09/arch/arm/cpu/armv7/sun8iw8/spinand/libspinand.o
 .comment       0x00000000       0x65 /home/liwenting/HCFA/v3s/rainbow-pi-sdk-1/u-boot-2011.09/sunxi_spl/boot0/load_spinand/libloadspinand.o
 .comment       0x00000000       0x65 main/boot0_head.o
 .comment       0x00000000       0x65 main/boot0_hash.o
 .comment       0x00000000       0x65 main/boot0_config.o

.note.GNU-stack
                0x00000000        0x0
 .note.GNU-stack
                0x00000000        0x0 /home/liwenting/HCFA/v3s/rainbow-pi-sdk-1/u-boot-2011.09/arch/arm/cpu/armv7/sun8iw8/dram/libdram.o
 .note.GNU-stack
                0x00000000        0x0 /home/liwenting/HCFA/v3s/rainbow-pi-sdk-1/u-boot-2011.09/sunxi_spl/boot0/libs/libgeneric.o
 .note.GNU-stack
                0x00000000        0x0 /home/liwenting/HCFA/v3s/rainbow-pi-sdk-1/u-boot-2011.09/sunxi_spl/boot0/main/libmain.o
 .note.GNU-stack
                0x00000000        0x0 /home/liwenting/HCFA/v3s/rainbow-pi-sdk-1/u-boot-2011.09/sunxi_spl/boot0/spl/libsource_spl.o
 .note.GNU-stack
                0x00000000        0x0 /home/liwenting/HCFA/v3s/rainbow-pi-sdk-1/u-boot-2011.09/sunxi_spl/spl/lib/libgeneric.o
 .note.GNU-stack
                0x00000000        0x0 /home/liwenting/HCFA/v3s/rainbow-pi-sdk-1/u-boot-2011.09/arch/arm/cpu/armv7/sun8iw8/spinand/libspinand.o
 .note.GNU-stack
                0x00000000        0x0 /home/liwenting/HCFA/v3s/rainbow-pi-sdk-1/u-boot-2011.09/sunxi_spl/boot0/load_spinand/libloadspinand.o
 .note.GNU-stack
                0x00000000        0x0 main/boot0_head.o
 .note.GNU-stack
                0x00000000        0x0 main/boot0_hash.o
 .note.GNU-stack
                0x00000000        0x0 main/boot0_config.o

.ARM.attributes
                0x00000000       0x3d
 .ARM.attributes
                0x00000000       0x3b /home/liwenting/HCFA/v3s/rainbow-pi-sdk-1/u-boot-2011.09/arch/arm/cpu/armv7/sun8iw8/dram/libdram.o
 .ARM.attributes
                0x0000003b       0x3b /home/liwenting/HCFA/v3s/rainbow-pi-sdk-1/u-boot-2011.09/sunxi_spl/boot0/libs/libgeneric.o
 .ARM.attributes
                0x00000076       0x3b /home/liwenting/HCFA/v3s/rainbow-pi-sdk-1/u-boot-2011.09/sunxi_spl/boot0/main/libmain.o
 .ARM.attributes
                0x000000b1       0x3b /home/liwenting/HCFA/v3s/rainbow-pi-sdk-1/u-boot-2011.09/sunxi_spl/boot0/spl/libsource_spl.o
 .ARM.attributes
                0x000000ec       0x3b /home/liwenting/HCFA/v3s/rainbow-pi-sdk-1/u-boot-2011.09/sunxi_spl/spl/lib/libgeneric.o
 .ARM.attributes
                0x00000127       0x3b /home/liwenting/HCFA/v3s/rainbow-pi-sdk-1/u-boot-2011.09/arch/arm/cpu/armv7/sun8iw8/spinand/libspinand.o
 .ARM.attributes
                0x00000162       0x3b /home/liwenting/HCFA/v3s/rainbow-pi-sdk-1/u-boot-2011.09/sunxi_spl/boot0/load_spinand/libloadspinand.o
 .ARM.attributes
                0x0000019d       0x3b main/boot0_head.o
 .ARM.attributes
                0x000001d8       0x3b main/boot0_hash.o
 .ARM.attributes
                0x00000213       0x3b main/boot0_config.o
 .ARM.attributes
                0x0000024e       0x2d main/boot0_entry.o

.debug_aranges  0x00000000      0x2a8
 .debug_aranges
                0x00000000       0x20 /home/liwenting/HCFA/v3s/rainbow-pi-sdk-1/u-boot-2011.09/arch/arm/cpu/armv7/sun8iw8/dram/libdram.o
 .debug_aranges
                0x00000020       0xa0 /home/liwenting/HCFA/v3s/rainbow-pi-sdk-1/u-boot-2011.09/sunxi_spl/boot0/libs/libgeneric.o
 .debug_aranges
                0x000000c0       0x28 /home/liwenting/HCFA/v3s/rainbow-pi-sdk-1/u-boot-2011.09/sunxi_spl/boot0/main/libmain.o
 .debug_aranges
                0x000000e8       0xa0 /home/liwenting/HCFA/v3s/rainbow-pi-sdk-1/u-boot-2011.09/sunxi_spl/boot0/spl/libsource_spl.o
 .debug_aranges
                0x00000188       0x60 /home/liwenting/HCFA/v3s/rainbow-pi-sdk-1/u-boot-2011.09/sunxi_spl/spl/lib/libgeneric.o
 .debug_aranges
                0x000001e8       0x80 /home/liwenting/HCFA/v3s/rainbow-pi-sdk-1/u-boot-2011.09/arch/arm/cpu/armv7/sun8iw8/spinand/libspinand.o
 .debug_aranges
                0x00000268       0x20 /home/liwenting/HCFA/v3s/rainbow-pi-sdk-1/u-boot-2011.09/sunxi_spl/boot0/load_spinand/libloadspinand.o
 .debug_aranges
                0x00000288       0x20 main/boot0_entry.o

.debug_info     0x00000000     0x5cbe
 .debug_info    0x00000000      0xc40 /home/liwenting/HCFA/v3s/rainbow-pi-sdk-1/u-boot-2011.09/arch/arm/cpu/armv7/sun8iw8/dram/libdram.o
 .debug_info    0x00000c40     0x123d /home/liwenting/HCFA/v3s/rainbow-pi-sdk-1/u-boot-2011.09/sunxi_spl/boot0/libs/libgeneric.o
 .debug_info    0x00001e7d      0x44d /home/liwenting/HCFA/v3s/rainbow-pi-sdk-1/u-boot-2011.09/sunxi_spl/boot0/main/libmain.o
 .debug_info    0x000022ca      0xfe0 /home/liwenting/HCFA/v3s/rainbow-pi-sdk-1/u-boot-2011.09/sunxi_spl/boot0/spl/libsource_spl.o
 .debug_info    0x000032aa      0xa7d /home/liwenting/HCFA/v3s/rainbow-pi-sdk-1/u-boot-2011.09/sunxi_spl/spl/lib/libgeneric.o
 .debug_info    0x00003d27     0x160e /home/liwenting/HCFA/v3s/rainbow-pi-sdk-1/u-boot-2011.09/arch/arm/cpu/armv7/sun8iw8/spinand/libspinand.o
 .debug_info    0x00005335      0x3fb /home/liwenting/HCFA/v3s/rainbow-pi-sdk-1/u-boot-2011.09/sunxi_spl/boot0/load_spinand/libloadspinand.o
 .debug_info    0x00005730      0x378 main/boot0_head.o
 .debug_info    0x00005aa8       0x95 main/boot0_hash.o
 .debug_info    0x00005b3d       0xff main/boot0_config.o
 .debug_info    0x00005c3c       0x82 main/boot0_entry.o

.debug_abbrev   0x00000000     0x1863
 .debug_abbrev  0x00000000      0x299 /home/liwenting/HCFA/v3s/rainbow-pi-sdk-1/u-boot-2011.09/arch/arm/cpu/armv7/sun8iw8/dram/libdram.o
 .debug_abbrev  0x00000299      0x3eb /home/liwenting/HCFA/v3s/rainbow-pi-sdk-1/u-boot-2011.09/sunxi_spl/boot0/libs/libgeneric.o
 .debug_abbrev  0x00000684      0x116 /home/liwenting/HCFA/v3s/rainbow-pi-sdk-1/u-boot-2011.09/sunxi_spl/boot0/main/libmain.o
 .debug_abbrev  0x0000079a      0x566 /home/liwenting/HCFA/v3s/rainbow-pi-sdk-1/u-boot-2011.09/sunxi_spl/boot0/spl/libsource_spl.o
 .debug_abbrev  0x00000d00      0x32b /home/liwenting/HCFA/v3s/rainbow-pi-sdk-1/u-boot-2011.09/sunxi_spl/spl/lib/libgeneric.o
 .debug_abbrev  0x0000102b      0x5ca /home/liwenting/HCFA/v3s/rainbow-pi-sdk-1/u-boot-2011.09/arch/arm/cpu/armv7/sun8iw8/spinand/libspinand.o
 .debug_abbrev  0x000015f5       0xed /home/liwenting/HCFA/v3s/rainbow-pi-sdk-1/u-boot-2011.09/sunxi_spl/boot0/load_spinand/libloadspinand.o
 .debug_abbrev  0x000016e2       0x9f main/boot0_head.o
 .debug_abbrev  0x00001781       0x4d main/boot0_hash.o
 .debug_abbrev  0x000017ce       0x81 main/boot0_config.o
 .debug_abbrev  0x0000184f       0x14 main/boot0_entry.o

.debug_line     0x00000000     0x23d4
 .debug_line    0x00000000      0x902 /home/liwenting/HCFA/v3s/rainbow-pi-sdk-1/u-boot-2011.09/arch/arm/cpu/armv7/sun8iw8/dram/libdram.o
 .debug_line    0x00000902      0x642 /home/liwenting/HCFA/v3s/rainbow-pi-sdk-1/u-boot-2011.09/sunxi_spl/boot0/libs/libgeneric.o
 .debug_line    0x00000f44      0x139 /home/liwenting/HCFA/v3s/rainbow-pi-sdk-1/u-boot-2011.09/sunxi_spl/boot0/main/libmain.o
 .debug_line    0x0000107d      0x5e5 /home/liwenting/HCFA/v3s/rainbow-pi-sdk-1/u-boot-2011.09/sunxi_spl/boot0/spl/libsource_spl.o
 .debug_line    0x00001662      0x46a /home/liwenting/HCFA/v3s/rainbow-pi-sdk-1/u-boot-2011.09/sunxi_spl/spl/lib/libgeneric.o
 .debug_line    0x00001acc      0x4ed /home/liwenting/HCFA/v3s/rainbow-pi-sdk-1/u-boot-2011.09/arch/arm/cpu/armv7/sun8iw8/spinand/libspinand.o
 .debug_line    0x00001fb9      0x1e3 /home/liwenting/HCFA/v3s/rainbow-pi-sdk-1/u-boot-2011.09/sunxi_spl/boot0/load_spinand/libloadspinand.o
 .debug_line    0x0000219c       0xe1 main/boot0_head.o
 .debug_line    0x0000227d       0x2d main/boot0_hash.o
 .debug_line    0x000022aa       0xd3 main/boot0_config.o
 .debug_line    0x0000237d       0x57 main/boot0_entry.o

.debug_frame    0x00000000      0xb70
 .debug_frame   0x00000000      0x1a8 /home/liwenting/HCFA/v3s/rainbow-pi-sdk-1/u-boot-2011.09/arch/arm/cpu/armv7/sun8iw8/dram/libdram.o
 .debug_frame   0x000001a8      0x18c /home/liwenting/HCFA/v3s/rainbow-pi-sdk-1/u-boot-2011.09/sunxi_spl/boot0/libs/libgeneric.o
 .debug_frame   0x00000334       0x3c /home/liwenting/HCFA/v3s/rainbow-pi-sdk-1/u-boot-2011.09/sunxi_spl/boot0/main/libmain.o
 .debug_frame   0x00000370      0x170 /home/liwenting/HCFA/v3s/rainbow-pi-sdk-1/u-boot-2011.09/sunxi_spl/boot0/spl/libsource_spl.o
 .debug_frame   0x000004e0      0x2c0 /home/liwenting/HCFA/v3s/rainbow-pi-sdk-1/u-boot-2011.09/sunxi_spl/spl/lib/libgeneric.o
 .debug_frame   0x000007a0      0x388 /home/liwenting/HCFA/v3s/rainbow-pi-sdk-1/u-boot-2011.09/arch/arm/cpu/armv7/sun8iw8/spinand/libspinand.o
 .debug_frame   0x00000b28       0x48 /home/liwenting/HCFA/v3s/rainbow-pi-sdk-1/u-boot-2011.09/sunxi_spl/boot0/load_spinand/libloadspinand.o

.debug_str      0x00000000     0x168b
 .debug_str     0x00000000      0x470 /home/liwenting/HCFA/v3s/rainbow-pi-sdk-1/u-boot-2011.09/arch/arm/cpu/armv7/sun8iw8/dram/libdram.o
                                0x4cd (size before relaxing)
 .debug_str     0x00000470      0x420 /home/liwenting/HCFA/v3s/rainbow-pi-sdk-1/u-boot-2011.09/sunxi_spl/boot0/libs/libgeneric.o
                                0xe0e (size before relaxing)
 .debug_str     0x00000890       0xdf /home/liwenting/HCFA/v3s/rainbow-pi-sdk-1/u-boot-2011.09/sunxi_spl/boot0/main/libmain.o
                                0x390 (size before relaxing)
 .debug_str     0x0000096f      0x35f /home/liwenting/HCFA/v3s/rainbow-pi-sdk-1/u-boot-2011.09/sunxi_spl/boot0/spl/libsource_spl.o
                                0x8d9 (size before relaxing)
 .debug_str     0x00000cce      0x198 /home/liwenting/HCFA/v3s/rainbow-pi-sdk-1/u-boot-2011.09/sunxi_spl/spl/lib/libgeneric.o
                                0x482 (size before relaxing)
 .debug_str     0x00000e66      0x727 /home/liwenting/HCFA/v3s/rainbow-pi-sdk-1/u-boot-2011.09/arch/arm/cpu/armv7/sun8iw8/spinand/libspinand.o
                                0xc11 (size before relaxing)
 .debug_str     0x0000158d       0x9d /home/liwenting/HCFA/v3s/rainbow-pi-sdk-1/u-boot-2011.09/sunxi_spl/boot0/load_spinand/libloadspinand.o
                                0x35a (size before relaxing)
 .debug_str     0x0000162a        0xd main/boot0_head.o
                                0x2fe (size before relaxing)
 .debug_str     0x00001637        0xd main/boot0_hash.o
                                0x117 (size before relaxing)
 .debug_str     0x00001644       0x47 main/boot0_config.o
                                0x16e (size before relaxing)

.debug_loc      0x00000000     0x5373
 .debug_loc     0x00000000     0x2467 /home/liwenting/HCFA/v3s/rainbow-pi-sdk-1/u-boot-2011.09/arch/arm/cpu/armv7/sun8iw8/dram/libdram.o
 .debug_loc     0x00002467      0x55e /home/liwenting/HCFA/v3s/rainbow-pi-sdk-1/u-boot-2011.09/sunxi_spl/boot0/libs/libgeneric.o
 .debug_loc     0x000029c5       0x9b /home/liwenting/HCFA/v3s/rainbow-pi-sdk-1/u-boot-2011.09/sunxi_spl/boot0/main/libmain.o
 .debug_loc     0x00002a60      0xc83 /home/liwenting/HCFA/v3s/rainbow-pi-sdk-1/u-boot-2011.09/sunxi_spl/boot0/spl/libsource_spl.o
 .debug_loc     0x000036e3      0xb5b /home/liwenting/HCFA/v3s/rainbow-pi-sdk-1/u-boot-2011.09/sunxi_spl/spl/lib/libgeneric.o
 .debug_loc     0x0000423e     0x1073 /home/liwenting/HCFA/v3s/rainbow-pi-sdk-1/u-boot-2011.09/arch/arm/cpu/armv7/sun8iw8/spinand/libspinand.o
 .debug_loc     0x000052b1       0xc2 /home/liwenting/HCFA/v3s/rainbow-pi-sdk-1/u-boot-2011.09/sunxi_spl/boot0/load_spinand/libloadspinand.o

.debug_ranges   0x00000000      0x2b8
 .debug_ranges  0x00000000      0x150 /home/liwenting/HCFA/v3s/rainbow-pi-sdk-1/u-boot-2011.09/arch/arm/cpu/armv7/sun8iw8/dram/libdram.o
 .debug_ranges  0x00000150       0x18 /home/liwenting/HCFA/v3s/rainbow-pi-sdk-1/u-boot-2011.09/sunxi_spl/boot0/main/libmain.o
 .debug_ranges  0x00000168       0xd8 /home/liwenting/HCFA/v3s/rainbow-pi-sdk-1/u-boot-2011.09/sunxi_spl/boot0/spl/libsource_spl.o
 .debug_ranges  0x00000240       0x78 /home/liwenting/HCFA/v3s/rainbow-pi-sdk-1/u-boot-2011.09/arch/arm/cpu/armv7/sun8iw8/spinand/libspinand.o
