Archive member included because of file (symbol)

nand_sunxi/sun8iw8/libnand-sun8iw8(nftl_uboot_interface.o)
                              nand_sunxi/sun8iw8/osal/libnand_osal.o (nftl_build_one)
nand_sunxi/sun8iw8/libnand-sun8iw8(nand_format.o)
                              nand_sunxi/sun8iw8/osal/libnand_osal.o (ClearNandStruct)
nand_sunxi/sun8iw8/libnand-sun8iw8(nand_phy.o)
                              nand_sunxi/sun8iw8/osal/libnand_osal.o (PHY_SimpleRead)
nand_sunxi/sun8iw8/libnand-sun8iw8(nand_physic_interface.o)
                              nand_sunxi/sun8iw8/osal/libnand_osal.o (NandHwInit)
nand_sunxi/sun8iw8/libnand-sun8iw8(nand_scan.o)
                              nand_sunxi/sun8iw8/osal/libnand_osal.o (NAND_GetPageSize)
nand_sunxi/sun8iw8/libnand-sun8iw8(spic_op.o)
                              nand_sunxi/sun8iw8/libnand-sun8iw8(nand_phy.o) (Spic_init)
nand_sunxi/sun8iw8/libnand-sun8iw8(nand_secure_storage.o)
                              nand_sunxi/sun8iw8/osal/libnand_osal.o (nand_secure_storage_first_build)
nand_sunxi/sun8iw8/libnand-sun8iw8(nand_info_init_v2.o)
                              nand_sunxi/sun8iw8/osal/libnand_osal.o (nand_info_init)
nand_sunxi/sun8iw8/libnand-sun8iw8(build_phy_partition_v2.o)
                              nand_sunxi/sun8iw8/libnand-sun8iw8(nand_info_init_v2.o) (build_phy_partition_v2)
nand_sunxi/sun8iw8/libnand-sun8iw8(build_nand_partition.o)
                              nand_sunxi/sun8iw8/libnand-sun8iw8(nftl_uboot_interface.o) (build_nand_partition)
nand_sunxi/sun8iw8/libnand-sun8iw8(build_phy_partition.o)
                              nand_sunxi/sun8iw8/libnand-sun8iw8(build_phy_partition_v2.o) (BlockErase)
nand_sunxi/sun8iw8/libnand-sun8iw8(nand_info_init.o)
                              nand_sunxi/sun8iw8/libnand-sun8iw8(nand_info_init_v2.o) (nand_info_init_v1)
nand_sunxi/sun8iw8/libnand-sun8iw8(nftl_init.o)
                              nand_sunxi/sun8iw8/libnand-sun8iw8(nftl_uboot_interface.o) (nftl_malloc)
nand_sunxi/sun8iw8/libnand-sun8iw8(nand_id.o)
                              nand_sunxi/sun8iw8/libnand-sun8iw8(nand_scan.o) (DefaultNandTbl)
nand_sunxi/sun8iw8/libnand-sun8iw8(spi_nand0.o)
                              nand_sunxi/sun8iw8/libnand-sun8iw8(nand_id.o) (m0_spi_nand_setstatus)
nand_sunxi/sun8iw8/libnand-sun8iw8(spi_nand1.o)
                              nand_sunxi/sun8iw8/libnand-sun8iw8(nand_id.o) (m1_spi_nand_setstatus)
nand_sunxi/sun8iw8/libnand-sun8iw8(spi_nand2.o)
                              nand_sunxi/sun8iw8/libnand-sun8iw8(nand_id.o) (m2_spi_nand_setstatus)
nand_sunxi/sun8iw8/libnand-sun8iw8(spi_nand3.o)
                              nand_sunxi/sun8iw8/libnand-sun8iw8(nand_id.o) (m3_spi_nand_setstatus)
nand_sunxi/sun8iw8/libnand-sun8iw8(nftl_cache.o)
                              nand_sunxi/sun8iw8/libnand-sun8iw8(nftl_init.o) (__nand_write)
nand_sunxi/sun8iw8/libnand-sun8iw8(nftl_common.o)
                              nand_sunxi/sun8iw8/libnand-sun8iw8(nftl_cache.o) (get_logic_page_map)
nand_sunxi/sun8iw8/libnand-sun8iw8(nftl_start.o)
                              nand_sunxi/sun8iw8/libnand-sun8iw8(nftl_init.o) (nftl_start)
nand_sunxi/sun8iw8/libnand-sun8iw8(nftl_interface.o)
                              nand_sunxi/sun8iw8/libnand-sun8iw8(nftl_init.o) (nftl_get_zone_cap)
nand_sunxi/sun8iw8/libnand-sun8iw8(nftl_logic.o)
                              nand_sunxi/sun8iw8/libnand-sun8iw8(nftl_start.o) (nftl_ops_init)
nand_sunxi/sun8iw8/libnand-sun8iw8(nftl_gc.o)
                              nand_sunxi/sun8iw8/libnand-sun8iw8(nftl_logic.o) (add_prio_gc)
nand_sunxi/sun8iw8/libnand-sun8iw8(nftl_build.o)
                              nand_sunxi/sun8iw8/libnand-sun8iw8(nftl_start.o) (zone_param_init)
nand_sunxi/sun8iw8/libnand-sun8iw8(nftl_hw_interface.o)
                              nand_sunxi/sun8iw8/libnand-sun8iw8(nftl_logic.o) (_nftl_nand_erase_superblk)
nand_sunxi/sun8iw8/libnand-sun8iw8(nftl_list.o)
                              nand_sunxi/sun8iw8/libnand-sun8iw8(nftl_gc.o) (is_block_in_free_list)
/home/liwenting/HCFA/v3s/rainbow-pi-sdk-1/tools/external-toolchain/bin/../lib/gcc/arm-linux-gnueabi/4.6.3/libgcc.a(_lshrdi3.o)
                              lib/libgeneric.o (__aeabi_llsr)
/home/liwenting/HCFA/v3s/rainbow-pi-sdk-1/tools/external-toolchain/bin/../lib/gcc/arm-linux-gnueabi/4.6.3/libgcc.a(_ashrdi3.o)
                              drivers/video_sunxi/libvideo_sunxi.o (__aeabi_lasr)
/home/liwenting/HCFA/v3s/rainbow-pi-sdk-1/tools/external-toolchain/bin/../lib/gcc/arm-linux-gnueabi/4.6.3/libgcc.a(_ashldi3.o)
                              drivers/mmc/libmmc.o (__aeabi_llsl)
/home/liwenting/HCFA/v3s/rainbow-pi-sdk-1/tools/external-toolchain/bin/../lib/gcc/arm-linux-gnueabi/4.6.3/libgcc.a(_arm_addsubdf3.o)
                              drivers/srclib/libjpeddec.o (__aeabi_i2d)
/home/liwenting/HCFA/v3s/rainbow-pi-sdk-1/tools/external-toolchain/bin/../lib/gcc/arm-linux-gnueabi/4.6.3/libgcc.a(_arm_muldivdf3.o)
[...]
Memory Configuration

Name             Origin             Length             Attributes
*default*        0x00000000         0xffffffff

Linker script and memory map

                0x40900000                . = 0x40900000
                0x40900000                . = ALIGN (0x4)

.head           0x40900000      0x500
 arch/arm/cpu/armv7/sun8iw8/spare_head.o(.data)
 .data          0x40900000      0x500 arch/arm/cpu/armv7/sun8iw8/spare_head.o
                0x40900000                uboot_spare_head

.hash           0x40900500       0x40
 arch/arm/cpu/armv7/sun8iw8/../uboot_hash.o(.data)
 .data          0x40900500       0x40 arch/arm/cpu/armv7/sun8iw8/../uboot_hash.o
                0x40900500                uboot_hash_value
                0x40900540                . = ALIGN (0x1)

.text           0x40900540    0x6e860
                0x40900540                __int_vector_start = .
 arch/arm/cpu/armv7/start.o(.text*)
 .text          0x40900540      0x500 arch/arm/cpu/armv7/start.o
                0x40900540                _start
                0x40900580                _end_vect
                0x40900580                _TEXT_BASE
                0x40900584                _bss_start_ofs
                0x40900588                _image_copy_end_ofs
                0x4090058c                _bss_end_ofs
                0x40900590                _end_ofs
                0x40900594                __int_vector_start__
                0x40900598                __int_vector_end__
                0x4090059c                _standby_start__
                0x409005a0                _standby_end__
                0x409005a4                _standby_start_lma__
                0x409005a8                IRQ_STACK_START
                0x409005ac                FIQ_STACK_START
                0x409005b0                IRQ_STACK_START_IN
                0x409005e8                relocate_code
                0x40900a40                __int_vector_end = .
 *(EXCLUDE_FILE(board/sunxi/sun8iw8/standby/libstandby.o) .text)
 .text          0x40900a40        0x0 arch/arm/cpu/armv7/sun8iw8/spare_head.o
 .text          0x40900a40        0x0 arch/arm/cpu/armv7/sun8iw8/../uboot_hash.o
 .text          0x40900a40      0x32c arch/arm/cpu/armv7/libarmv7.o
                0x40900bf0                invalidate_dcache_all
                0x40900c04                flush_dcache_all
                0x40900c18                flush_icache_all
                0x40900c24                invalidate_dcache_range
                0x40900c48                flush_dcache_range
                0x40900c6c                arm_init_before_mmu
                0x40900c94                flush_cache
                0x40900c9c                invalidate_icache_all
                0x40900cb4                __v7_outer_cache_enable
                0x40900cb8                v7_outer_cache_disable
                0x40900cb8                __v7_outer_cache_disable
                0x40900cbc                __v7_outer_cache_flush_all
                0x40900cbc                v7_outer_cache_flush_all
                0x40900cc0                __v7_outer_cache_inval_all
                0x40900cc4                __v7_outer_cache_flush_range
                0x40900cc8                __v7_outer_cache_inval_range
                0x40900cc8                v7_outer_cache_inval_range
                0x40900ccc                save_boot_params_default
                0x40900ccc                save_boot_params
                0x40900cd0                cleanup_before_linux
                0x40900cf0                __cpu0_set_detected_paras
                0x40900cf4                arch_cpu_init
                0x40900d08                sdelay
                0x40900d14                sr32
                0x40900d38                wait_on_value
 .text          0x40900d6c     0x2fec arch/arm/cpu/armv7/sun8iw8/libsun8iw8.o
                0x40900edc                irq_enable
                0x40900f54                irq_disable
                0x40900fcc                irq_install_handler
                0x40901014                irq_free_handler
                0x4090104c                do_irq
                0x40901138                arch_interrupt_init
                0x40901174                arch_interrupt_exit
                0x40901188                sunxi_clock_get_corepll
                0x409011d0                sunxi_clock_get_axi
                0x40901230                sunxi_clock_get_apb2
                0x40901238                sunxi_clock_set_corepll
                0x40901304                sunxi_clock_get_pll6
                0x40901334                sunxi_clock_get_ahb
                0x40901388                sunxi_clock_get_apb1
                0x409013c0                timer1_func
                0x40901420                timer0_func
                0x40901480                timer_init
                0x409014b8                timer_exit
                0x40901500                watchdog_disable
                0x40901514                watchdog_enable
                0x4090152c                get_timer
                0x40901548                runtime_tick
                0x40901558                get_timer_masked
                0x40901568                __usdelay
                0x40901590                __msdelay
                0x409015b0                get_ticks
                0x409015cc                get_tbclk
                0x409015d4                init_timer
                0x409015d8                add_timer
                0x409016f4                del_timer
                0x40901770                stick_printf
                0x40901794                tick0_printf
                0x409017e8                print_boot_type
                0x40901864                get_base
                0x40901870                s_init
                0x40901874                reset_cpu
                0x40901880                v7_outer_cache_enable
                0x40901884                v7_outer_cache_inval_all
                0x40901888                v7_outer_cache_flush_range
                0x4090188c                enable_caches
                0x4090189c                disable_caches
                0x409018ac                display_inner
                0x409018cc                script_init
                0x40901910                power_source_init
                0x40901a24                power_gpio_enable
                0x40901af0                sunxi_key_init
                0x40901b20                sunxi_key_exit
                0x40901b40                sunxi_key_read
                0x40901b98                do_key_test
                0x40901be0                USBC_GetVbusStatus
                0x40901c10                USBC_OTG_SelectMode
                0x40901c14                USBC_ReadLenFromFifo
                0x40901c40                USBC_WritePacket
                0x40901cac                USBC_ReadPacket
                0x40901d18                USBC_ConfigFIFO_Base
                0x40901d54                USBC_GetPortFifoStartAddr
                0x40901d84                USBC_GetPortFifoSize
                0x40901da8                USBC_SelectFIFO
                0x40901db8                __USBC_ConfigFifo_TxEp
                0x40901e08                __USBC_ConfigFifo_RxEp_Default
                0x40901e18                __USBC_ConfigFifo_RxEp
                0x40901e68                USBC_ConfigFifo_Default
                0x40901ea0                USBC_ConfigFifo
                0x40901edc                USBC_GetLastFrameNumber
                0x40901eec                USBC_GetStatus_Dp
                0x40901f00                USBC_GetStatus_Dm
                0x40901f14                USBC_GetStatus_DpDm
                0x40901f34                USBC_GetOtgMode_Form_ID
                0x40901f4c                USBC_GetOtgMode_Form_BDevice
                0x40901f64                USBC_SelectBus
                0x40901fa8                USBC_INT_EpPending
                0x40901fe4                USBC_INT_ClearEpPending
                0x40902038                USBC_INT_ClearEpPendingAll
                0x40902070                USBC_INT_MiscPending
                0x40902080                USBC_INT_ClearMiscPending
                0x40902094                USBC_INT_ClearMiscPendingAll
                0x409020a8                USBC_INT_EnableEp
                0x409020fc                USBC_INT_EnableUsbMiscUint
                0x40902118                USBC_INT_DisableEp
                0x40902164                USBC_INT_DisableUsbMiscUint
                0x4090217c                USBC_INT_DisableEpAll
                0x409021ac                USBC_INT_DisableUsbMiscAll
                0x409021c0                USBC_GetActiveEp
                0x409021d0                USBC_SelectActiveEp
                0x409021e0                USBC_EnhanceSignal
                0x409021e4                USBC_EnterMode_TestPacket
                0x409021fc                USBC_EnterMode_Test_K
                0x40902214                USBC_EnterMode_Test_J
                0x4090222c                USBC_EnterMode_Test_SE0_NAK
                0x40902244                USBC_EnterMode_Idle
                0x40902290                USBC_SetWakeUp_Default
                0x40902294                USBC_EnableIdPullUp
                0x409022ac                USBC_DisableIdPullUp
                0x409022c4                USBC_EnableDpDmPullUp
                0x409022dc                USBC_DisableDpDmPullUp
                0x409022f4                USBC_ForceId
                0x4090232c                USBC_ForceVbusValid
                0x40902374                USBC_A_valid_InputSelect
                0x40902378                USBC_EnableUsbLineStateBypass
                0x4090237c                USBC_DisableUsbLineStateBypass
                0x40902380                USBC_EnableHosc
                0x40902398                USBC_DisableHosc
                0x409023ac                USBC_IsVbusChange
                0x409023c8                USBC_IsIdChange
                0x409023e4                USBC_IsDpDmChange
                0x40902400                USBC_DisableWakeIrq
                0x40902414                USBC_DisableVbusChange
                0x40902428                USBC_DisableIdChange
                0x4090243c                USBC_DisableDpDmChange
                0x40902450                USBC_EnableWakeIrq
                0x40902468                USBC_EnableVbusChange
                0x40902480                USBC_EnableIdChange
                0x40902498                USBC_EnableDpDmChange
                0x409024b0                USBC_TestMode_ReadReg
                0x409024ec                USBC_PrintAllReg
                0x40902848                USBC_open_otg
                0x4090288c                USBC_close_otg
                0x409028b4                USBC_init
                0x409028bc                USBC_exit
                0x40902904                USBC_Dev_SetAddress_default
                0x40902918                USBC_Dev_SetAddress
                0x40902928                USBC_Dev_QueryTransferMode
                0x40902948                USBC_Dev_ConfigTransferMode
                0x409029b8                USBC_Dev_ConectSwitch
                0x409029dc                USBC_Dev_QueryPowerStatus
                0x409029f0                USBC_Dev_ConfigEp
                0x40902afc                USBC_Dev_ConfigEp_Default
                0x40902b64                USBC_Dev_ConfigEpDma
                0x40902bcc                USBC_Dev_ClearEpDma
                0x40902c3c                USBC_Dev_IsEpStall
                0x40902c84                USBC_Dev_EpSendStall
                0x40902cec                USBC_Dev_EpClearStall
                0x40902d84                USBC_Dev_Ctrl_IsSetupEnd
                0x40902d98                USBC_Dev_Ctrl_ClearSetupEnd
                0x40902db0                USBC_Dev_WriteDataStatus
                0x40902e3c                USBC_Dev_ReadDataStatus
                0x40902ebc                USBC_Dev_IsReadDataReady
                0x40902efc                USBC_Dev_IsWriteDataReady
                0x40902f38                USBC_Host_SetFunctionAddress_Deafult
                0x40902f94                USBC_Host_SetFunctionAddress
                0x4090301c                USBC_Host_SetHubAddress_Deafult
                0x4090304c                USBC_Host_SetHubAddress
                0x40903094                USBC_Host_SetHPortAddress_Deafult
                0x409030c4                USBC_Host_SetHPortAddress
                0x409030ec                USBC_Host_QueryTransferMode
                0x4090310c                USBC_Host_ConfigTransferMode
                0x40903140                USBC_Host_ResetPort
                0x40903158                USBC_Host_ClearResetPortFlag
                0x40903170                USBC_Host_RusumePort
                0x40903188                USBC_Host_ClearRusumePortFlag
                0x409031a0                USBC_Host_SuspendPort
                0x409031b8                USBC_Host_QueryPowerStatus
                0x409031c8                USBC_Host_StartSession
                0x409031e0                USBC_Host_EndSession
                0x409031f8                USBC_Host_PeripheralType
                0x40903218                USBC_Host_FlushFifo
                0x40903260                USBC_Host_ConfigEp_Default
                0x409032e4                USBC_Host_ConfigEp
                0x40903440                USBC_Host_ConfigEpDma
                0x40903484                USBC_Host_ClearEpDma
                0x409034d4                USBC_Host_IsEpNakTimeOut
                0x40903518                USBC_Host_ClearEpNakTimeOut
                0x40903568                USBC_Host_IsEpError
                0x409035bc                USBC_Host_ClearEpError
                0x4090361c                USBC_Host_IsEpStall
                0x40903668                USBC_Host_ClearEpStall
                0x409036c8                USBC_Host_ClearEpCSR
                0x40903704                USBC_Host_IsReadDataReady
                0x40903744                USBC_Host_IsWriteDataReady
                0x4090378c                USBC_Host_ReadDataStatus
                0x40903828                USBC_Host_WriteDataStatus
                0x409038ac                USBC_Host_IsReqPktSet
                0x409038ec                USBC_Host_StartInToken
                0x40903930                USBC_Host_StopInToken
                0x4090397c                USBC_Host_ConfigRqPktCount
                0x40903990                USBC_Host_ClearRqPktCount
                0x409039a4                USBC_Host_EnablePing
                0x409039c0                USBC_Host_DisablePing
                0x409039d8                USBC_Host_SendCtrlStatus
                0x409039fc                USBC_Host_SendSetupPkt
                0x40903a48                USBC_PHY_SetCommonConfig
                0x40903a4c                USBC_PHY_SetPrivateConfig
                0x40903a50                USBC_PHY_GetCommonConfig
                0x40903a58                USBC_phy_Standby
                0x40903aac                USBC_Phy_Standby_Recover
                0x40903ab0                usb_open_clock
                0x40903b04                usb_close_clock
                0x40903b58                usb_probe_vbus_type
                0x40903bbc                USBC_Dma_Set_ChannalPara
                0x40903c00                USBC_Dma_Set_PktLen
                0x40903c40                USBC_Dma_Start
                0x40903cc0                USBC_Dma_Int_Stop
                0x40903cf4                USBC_Dma_Int_Query
                0x40903d10                USBC_Dma_Int_Clear
                0x40903d38                lowlevel_init
 .text          0x40903d58      0xef4 arch/arm/lib/libarm.o
                0x40903e0c                coloured_LED_init
                0x40903e0c                __coloured_LED_init
                0x40903e10                red_LED_on
                0x40903e10                __red_LED_on
                0x40903e14                __red_LED_off
                0x40903e14                red_LED_off
                0x40903e18                green_LED_on
                0x40903e18                __green_LED_on
                0x40903e1c                __green_LED_off
                0x40903e1c                green_LED_off
                0x40903e20                __yellow_LED_on
                0x40903e20                yellow_LED_on
                0x40903e24                __yellow_LED_off
                0x40903e24                yellow_LED_off
                0x40903e28                blue_LED_on
                0x40903e28                __blue_LED_on
                0x40903e2c                blue_LED_off
                0x40903e2c                __blue_LED_off
                0x40903e30                __dram_init_banksize
                0x40903e4c                __sunxi_probe_securemode
                0x40903e4c                sunxi_probe_securemode
                0x40903e54                __sunxi_set_secure_mode
                0x40903e54                sunxi_set_secure_mode
                0x40903e5c                __smc_init
                0x40903e64                board_init_f
                0x40903fbc                board_init_r
                0x409041b4                hang
                0x40904338                arch_lmb_reserve
                0x4090435c                do_bootm_linux
                0x4090443c                do_boota_linux
                0x409047cc                __flush_cache
                0x409047d0                __flush_dcache_all
                0x409047dc                __enable_caches
                0x40904968                __arm_init_before_mmu
                0x4090496c                icache_enable
                0x40904974                icache_disable
                0x4090497c                icache_status
                0x40904988                dcache_enable
                0x40904990                dcache_disable
                0x40904998                dcache_status
                0x409049a4                interrupt_init
                0x409049e4                interrupt_exit
                0x409049e8                enable_interrupts
                0x409049f8                disable_interrupts
                0x40904a14                bad_mode
                0x40904a24                show_regs
                0x40904b64                do_undefined_instruction
                0x40904b84                do_software_interrupt
                0x40904ba4                do_prefetch_abort
                0x40904bc4                do_data_abort
                0x40904be4                do_not_used
                0x40904c04                do_fiq
                0x40904c24                do_reset
 .text          0x40904c4c     0xdb50 common/libcommon.o
                0x40904c4c                aw_fat_fsload
                0x40904d08                do_aw_fat_fsload
                0x40904d58                do_go_exec
                0x40904d70                do_go
                0x40904de4                __do_sunxi_boot_signature
                0x40904dec                memcpy2
                0x40904e40                do_boota
                0x40904f28                do_bootd
                0x40905674                arch_preboot_os
                0x40905674                __arch_preboot_os
                0x40905678                do_bootm_subcommand
                0x409058bc                do_bootm
                0x40905b50                bootm_maybe_autostart
                0x40905bc4                do_probe_secure_storage
                0x40905bfc                do_burn_from_boot
                0x40905e8c                do_bootelf_exec
                0x40905ed0                valid_elf_image
                0x40905f1c                do_bootvx
                0x409061b0                do_bootelf
                0x40906328                do_exit
                0x40906358                do_fat_fsinfo
                0x40906430                do_fat_ls
                0x40906538                do_fat_fsdown
                0x409066a8                do_fat_fsload
                0x40906814                fat_fsload_file
                0x409068bc                do_efex
                0x409068d8                do_help
                0x4090691c                do_sysconfig
                0x40906a5c                do_delay_test
                0x40906aac                do_memcpy_test
                0x40906ae0                do_efex_test
                0x40906b1c                do_mass_test
                0x40906b58                do_fastboot_test
                0x40906b94                do_sprite_test
                0x40906cf8                do_power_probe
                0x40906d5c                do_timer_test1
                0x40906ddc                do_timer_test
                0x40906e5c                do_mem_base
                0x40906e9c                do_mem_mtest
                0x4090703c                do_mem_loop
                0x40907130                do_mem_md
                0x40907204                do_mem_crc
                0x409072ac                do_mem_cp
                0x4090738c                do_mem_cmp
                0x40907518                do_mem_mw
                0x40907710                do_mem_nm
                0x40907728                do_mem_mm
                0x40907740                do_mmcops
                0x40907b30                do_mmcinfo
                0x40908064                do_modify_cfg
                0x40908180                do_savecfg
                0x409084c8                do_dhcp
                0x409084d4                do_tftpb
                0x409084e0                do_bootp
                0x409084ec                do_ping
                0x4090887c                do_env_save
                0x40908940                do_env_print
                0x409089c0                get_env_id
                0x409089d0                _do_env_set
                0x40908d98                do_env_set
                0x40908db4                setenv
                0x40909010                envmatch
                0x40909074                getenv_f
                0x4090912c                getenv
                0x40909198                do_onekey_sprite_recovery
                0x409092a0                do_shutdown
                0x409092a4                do_standby
                0x40909314                do_sunxi_advert
                0x4090948c                sunxi_bmp_decode
                0x4090983c                sunxi_bmp_display
                0x40909934                do_sunxi_logo
                0x40909940                sunxi_advert_display
                0x40909958                sunxi_advert_disp_probe
                0x409099bc                do_sunxi_flash
                0x40909d10                memtester_pagesize
                0x40909d28                usage
                0x4090a044                probe_high_level_power_mod
                0x4090a080                rsa_init
                0x4090a100                rsa_dump
                0x4090a184                rsa_encrypt
                0x4090a1c4                rsa_decrypt
                0x4090a208                prepareCryptTable
                0x4090a20c                HashString
                0x4090a658                HashString_init
                0x4090a66c                signature_erase_all
                0x4090a798                sunxi_oem_op_lock
                0x4090ab34                do_sunxi_boot_signature
                0x4090ad18                save_user_private_data
                0x4090af54                do_save_user_data
                0x4090afa4                erase_all_private_data
                0x4090b074                erase_private_data
                0x4090b09c                read_private_key_by_name
                0x4090b1d0                user_data_list
                0x4090b2bc                do_check_userdata
                0x4090b2e4                check_user_data
                0x4090b490                update_user_data
                0x4090b5e8                do_false
                0x4090b5f0                do_true
                0x4090b5f8                do_test
                0x4090ba64                do_version
                0x4090ba9c                find_cmd_tbl
                0x4090bb38                find_cmd
                0x4090bb60                cmd_usage
                0x4090bbbc                _do_help
                0x4090bd40                var_complete
                0x4090bdc8                cmd_auto_complete
                0x4090c244                cmd_get_data_size
                0x4090c338                serial_printf
                0x4090c378                fgetc
                0x4090c3a4                ftstc
                0x4090c3d0                fputc
                0x4090c3f8                fputs
                0x4090c420                fprintf
                0x4090c468                getc
                0x4090c480                tstc
                0x4090c498                putc
                0x4090c4b4                puts
                0x4090c4d0                printf
                0x4090c51c                tick_printf
                0x4090c598                vprintf
                0x4090c5cc                ctrlc
                0x4090c618                disable_ctrlc
                0x4090c630                had_ctrlc
                0x4090c640                clear_ctrlc
                0x4090c654                dbg
                0x4090c660                search_device
                0x4090c688                console_assign
                0x4090c6c8                console_init_f
                0x4090c6d8                stdio_print_current_devices
                0x4090c78c                console_init_r
                0x4090c86c                sbrk
                0x4090c8c8                mem_malloc_init
                0x4090c8ec                malloc_trim
                0x4090c9bc                free
                0x4090cbdc                cfree
                0x4090cbe0                malloc
                0x4090d1ac                calloc
                0x4090d280                memalign
                0x4090d388                pvalloc
                0x4090d3a0                valloc
                0x4090d3ac                realloc
                0x4090d7b4                malloc_usable_size
                0x4090d7f0                mallopt
                0x4090d864                env_get_addr
                0x4090d888                env_get_char_memory
                0x4090d898                env_get_char
                0x4090d8cc                set_default_env
                0x4090d96c                env_import
                0x4090da38                env_relocate
                0x4090da68                env_complete
                0x4090dd64                env_get_char_spec
                0x4090dd70                env_init
                0x4090dd8c                saveenv
                0x4090ddb0                env_relocate_spec
                0x4090ddc4                get_version
                0x4090ddcc                jumptable_init
                0x4090e1f8                do_showvar
                0x4090e73c                simple_itoa
                0x4090e780                get_local_var
                0x4090e944                set_local_var
                0x4090eb00                unset_local_var
                0x4090eba0                new_pipe
                0x4090ec10                reserved_word
                0x4090eed4                mapset
                0x4090eef8                update_ifs_map
                0x4090ef68                parse_string_outer
                0x4090fe54                parse_file_outer
                0x4090fe98                u_boot_hush_start
                0x4090ff20                image_check_hcrc
                0x4090ff70                image_check_dcrc
                0x4090ffac                image_multi_count
                0x4090ffd0                image_multi_getimg
                0x40910054                getenv_yesno
                0x4091007c                getenv_bootm_low
                0x409100ac                getenv_bootm_size
                0x40910108                getenv_bootm_mapsize
                0x40910138                memmove_wd
                0x40910144                genimg_print_size
                0x40910174                get_table_entry_name
                0x409101a0                genimg_get_os_name
                0x409101b8                genimg_get_arch_name
                0x409101d0                genimg_get_type_name
                0x409101e8                genimg_get_comp_name
                0x40910200                image_print_contents
                0x40910378                get_table_entry_id
                0x409103c4                genimg_get_os_id
                0x409103dc                genimg_get_arch_id
                0x409103f4                genimg_get_type_id
                0x4091040c                genimg_get_comp_id
                0x40910424                genimg_get_format
                0x40910438                genimg_get_image
                0x4091043c                genimg_has_config
                0x40910444                boot_get_ramdisk
                0x40910674                boot_ramdisk_high
                0x40910794                boot_get_cmdline
                0x409109d4                __show_boot_progress
                0x409109d4                show_boot_progress
                0x409109d8                main_loop
                0x40910ad4                readline_into_buffer
                0x409113fc                readline
                0x40911418                parse_line
                0x409114a4                run_command
                0x40911850                do_run
                0x409118c4                get_ram_size
                0x40911a38                srec_decode
                0x40911c98                stdio_get_list
                0x40911ca4                stdio_get_by_name
                0x40911cf8                stdio_clone
                0x40911d40                stdio_register
                0x40911d84                stdio_init
                0x40911e0c                mem_noncache_malloc_init
                0x40911e38                malloc_noncache
                0x40911eb4                free_noncache
                0x40911ef4                CYGACC_COMM_IF_GETC_TIMEOUT
                0x409121d8                CYGACC_COMM_IF_PUTC
                0x409121e0                parse_num
                0x409122fc                xyzModem_stream_open
                0x40912448                xyzModem_stream_read
                0x40912698                xyzModem_stream_close
                0x409126e8                xyzModem_stream_terminate
                0x4091277c                xyzModem_error
 .text          0x4091279c      0x8b4 disk/libdisk.o
                0x4091279c                get_dev
                0x409127fc                dev_print
                0x409129f0                init_part
                0x40912a0c                get_partition_info
                0x40912a34                print_part
                0x40912fa0                test_part_dos
                0x40913008                print_part_dos
                0x40913034                get_partition_info_dos
 .text          0x40913050      0x568 drivers/dma/libdma.o
                0x409130ec                sunxi_dma_init
                0x40913194                __sunxi_disable_dma_clock
                0x40913194                sunxi_disable_dma_clock
                0x40913198                sunxi_dma_request
                0x409131ec                sunxi_dma_setting
                0x40913244                sunxi_dma_start
                0x4091327c                sunxi_dma_stop
                0x40913298                sunxi_dma_querystatus
                0x409132c0                sunxi_dma_install_int
                0x40913338                sunxi_dma_enable_int
                0x409133f0                sunxi_dma_disable_int
                0x4091349c                sunxi_dma_free_int
                0x409134f4                sunxi_dma_release
                0x40913530                sunxi_dma_exit
 .text          0x409135b8     0x590c drivers/mmc/libmmc.o
                0x409135c0                __board_mmc_getcd
                0x409135c0                board_mmc_getcd
                0x409135c8                mmc_update_phase
                0x409135d8                mmc_send_cmd
                0x409135e8                mmc_send_status
                0x409136bc                mmc_set_blocklen
                0x40913708                mmc_set_erase_start_addr
                0x40913754                mmc_set_erase_end_addr
                0x409137a0                mmc_launch_erase
                0x409137d8                mmc_sd_erase_timeout
                0x409137e0                mmc_mmc_def_erase_timeout
                0x40913874                mmc_mmc_erase_timeout
                0x409138dc                mmc_erase_timeout
                0x409138f4                mmc_erase_group_aligned
                0x4091392c                mmc_align_erase_group
                0x409139a0                mmc_add_skip_space
                0x409139c8                mmc_send_manual_stop
                0x40913a1c                find_mmc_device
                0x40913cd0                mmc_read_blocks
                0x40913f54                mmc_go_idle
                0x40913fb8                sd_send_op_cond
                0x40914134                mmc_send_op_cond
                0x409142b4                mmc_send_ext_csd
                0x40914320                mmc_mmc_update_timeout
                0x409143ec                mmc_do_erase
                0x409144b4                mmc_erase
                0x409145d4                mmc_mmc_secure_trim
                0x409146cc                mmc_mmc_discard
                0x409147c4                mmc_mmc_trim
                0x409148b4                mmc_insecure_secure_erase
                0x409149e8                mmc_mmc_secure_erase
                0x40914adc                mmc_do_switch
                0x40914b6c                mmc_do_sanitize
                0x40914bcc                mmc_mmc_sanitize
                0x40914c38                mmc_mmc_erase
                0x40914dc4                mmc_do_secure_wipe
                0x4091501c                mmc_secure_wipe
                0x409150f8                mmc_switch
                0x4091510c                mmc_change_freq
                0x40915234                mmc_switch_boot_bus_cond
                0x4091530c                mmc_switch_boot_part
                0x40915500                mmc_switch_part
                0x409155b8                sd_switch
                0x40915628                sd_change_freq
                0x40915848                mmc_set_ios
                0x40915858                mmc_set_clock
                0x40915aac                mmc_set_bus_width
                0x40915ac0                mmc_startup
                0x409164f0                mmc_send_if_cond
                0x40916580                mmc_register
                0x40916670                mmc_unregister
                0x40916678                mmc_get_dev
                0x4091668c                sunxi_need_rty
                0x409166e8                mmc_write_info
                0x40916784                mmc_init
                0x409170e0                cpu_mmc_init
                0x409170e8                print_mmc_devices
                0x4091714c                get_mmc_num
                0x40917150                mmc_initialize
                0x4091717c                mmc_exit
                0x40917288                sunxi_detail_errno
                0x40917bd0                sunxi_decide_rty
                0x409189b8                sunxi_update_sdly
                0x40918a8c                mmc_dump_errinfo
                0x40918ba0                sunxi_mmc_init
                0x40918ea4                sunxi_mmc_exit
 .text          0x40918ec4      0xa08 drivers/net/libnet.o
                0x40918f74                geth_write_hwaddr
                0x409195c8                geth_initialize
 .text          0x409198cc        0x0 drivers/pcmcia/libpcmcia.o
 .text          0x409198cc     0x104c drivers/power/libpower.o
                0x409198cc                __plat_get_chip_id
                0x409198cc                plat_get_chip_id
                0x409198d4                axp_probe_power_id
                0x409199f4                axp_probe
                0x40919ae4                axp_reinit
                0x40919b1c                axp_get_power_vol_level
                0x40919b24                axp_probe_startup_cause
                0x40919c04                axp_set_hardware_poweron_vol
                0x40919c60                axp_set_hardware_poweroff_vol
                0x40919cbc                axp_set_power_off
                0x40919cd8                axp_probe_factory_mode
                0x40919d84                axp_set_next_poweron_status
                0x40919da0                axp_probe_pre_sys_mode
                0x40919dbc                axp_power_get_dcin_battery_exist
                0x40919df8                axp_probe_power_source
                0x40919e30                axp_probe_battery_vol
                0x40919e4c                axp_probe_rest_battery_capacity
                0x40919e68                axp_probe_key
                0x40919e84                axp_probe_charge_current
                0x40919ea0                axp_set_charge_current
                0x40919ebc                axp_set_charge_control
                0x40919ed8                axp_set_vbus_limit_dc
                0x40919f0c                axp_set_vbus_limit_pc
                0x40919f40                axp_set_all_limit
                0x4091a010                axp_set_suspend_chgcur
                0x4091a030                axp_set_runtime_chgcur
                0x4091a050                axp_set_charge_vol_limit
                0x4091a0b8                axp_set_power_supply_output
                0x4091a1d8                axp_slave_set_power_supply_output
                0x4091a32c                axp_probe_power_supply_condition
                0x4091a420                axp_int_enable
                0x4091a45c                axp_int_disable
                0x4091a480                axp_int_query
                0x4091a49c                axp_set_supply_status
                0x4091a4c4                axp_set_supply_status_byname
                0x4091a538                axp_probe_supply_status
                0x4091a560                axp_probe_supply_status_byname
                0x4091a5c4                axp_set_supply_status_byregulator
                0x4091a7d8                axp_probe_supply_pmu_name
                0x4091a83c                axp_probe_vbus_cur_limit
                0x4091a858                axpnull_set_coulombmeter_onoff
                0x4091a860                axpnull_set_charge_control
                0x4091a868                axpnull_probe_battery_ratio
                0x4091a870                axpnull_probe_power_status
                0x4091a878                axpnull_probe_battery_exist
                0x4091a880                axpnull_probe_battery_vol
                0x4091a888                axpnull_probe_key
                0x4091a890                axpnull_probe_pre_sys_mode
                0x4091a898                axpnull_set_next_sys_mode
                0x4091a8a0                axpnull_probe_this_poweron_cause
                0x4091a8a8                axpnull_set_power_off
                0x4091a8b0                axpnull_set_power_onoff_vol
                0x4091a8b8                axpnull_set_charge_current
                0x4091a8c0                axpnull_probe_charge_current
                0x4091a8c8                axpnull_set_vbus_cur_limit
                0x4091a8d0                axpnull_set_vbus_vol_limit
                0x4091a8d8                axpnull_probe_int_pending
                0x4091a8e0                axpnull_probe_int_enable
                0x4091a8e8                axpnull_set_int_enable
                0x4091a8f0                axpnull_probe_vbus_cur_limit
                0x4091a8f8                axpnull_set_supply_status
                0x4091a900                axpnull_set_supply_status_byname
                0x4091a908                axpnull_probe_supply_status
                0x4091a910                axpnull_probe_supply_status_byname
 .text          0x4091a918      0x3a8 drivers/pwm/libsunxi_pwm.o
                0x4091a918                sunxi_pwm_read_reg
                0x4091a928                sunxi_pwm_write_reg
                0x4091a93c                sunxi_pwm_get_sys_config
                0x4091aa24                sunxi_pwm_set_polarity
                0x4091aa78                sunxi_pwm_config
                0x4091abdc                sunxi_pwm_enable
                0x4091ac4c                sunxi_pwm_disable
                0x4091aca8                sunxi_pwm_init
 .text          0x4091acc0        0x0 drivers/rtc/librtc.o
 .text          0x4091acc0      0x240 drivers/serial/libserial.o
                0x4091acc0                NS16550_init
                0x4091ad08                NS16550_reinit
                0x4091ad54                NS16550_putc
                0x4091ad68                NS16550_getc
                0x4091ad7c                NS16550_tstc
                0x4091ada8                serial_init
                0x4091ade4                _serial_putc
                0x4091ae1c                _serial_putc_raw
                0x4091ae38                _serial_puts
                0x4091ae60                _serial_getc
                0x4091ae7c                _serial_tstc
                0x4091ae90                _serial_setbrg
                0x4091aeb8                serial_putc
                0x4091aec4                serial_putc_raw
                0x4091aed0                serial_puts
                0x4091aedc                serial_getc
                0x4091aee8                serial_tstc
                0x4091aef4                serial_setbrg
 .text          0x4091af00       0x5c drivers/smc/libsmc.o
                0x4091af00                smc_init
                0x4091af08                sunxi_smc_call
 .text          0x4091af5c      0x740 drivers/spi/libspi.o
                0x4091af5c                ccm_module_disable_bak
                0x4091af80                ccm_module_enable_bak
                0x4091afa4                ccm_clock_enable_bak
                0x4091aff0                ccm_clock_disable_bak
                0x4091b03c                ccm_module_reset_bak
                0x4091b05c                ccm_get_pll_periph_clk
                0x4091b090                pattern_goto
                0x4091b094                spi_cfg_mclk
                0x4091b134                spi_get_mlk
                0x4091b144                spi_gpio_cfg
                0x4091b168                spi_onoff
                0x4091b19c                spic_set_clk
                0x4091b214                spic_init
                0x4091b430                spic_rw
                0x4091b658                spic_exit
 .text          0x4091b69c     0x2e58 drivers/srclib/libjpeddec.o
                0x4091b6c4                tinyjpeg_idct_float
                0x4091bcac                convert_one_image
                0x4091bed4                jpegdec
                0x4091d3cc                process_Huffman_data_unit
                0x4091da24                tinyjpeg_init
                0x4091da30                tinyjpeg_free
                0x4091da6c                tinyjpeg_parse_header
                0x4091deec                tinyjpeg_decode
                0x4091e42c                tinyjpeg_get_printfstring
                0x4091e438                tinyjpeg_get_size
                0x4091e44c                tinyjpeg_get_components
                0x4091e48c                tinyjpeg_set_components
                0x4091e4bc                tinyjpeg_set_flags
                0x4091e4cc                setjmp
                0x4091e4dc                longjmp
 .text          0x4091e4f4      0xb94 drivers/storage_type/libstorage_type.o
                0x4091e5b0                sunxi_flash_mmc_phyread
                0x4091e5e4                sunxi_flash_mmc_phywrite
                0x4091e69c                sunxi_sprite_mmc_phyread
                0x4091e6d0                sunxi_sprite_mmc_phywrite
                0x4091e704                sunxi_sprite_mmc_force_erase
                0x4091e730                sunxi_flash_mmc_secread
                0x4091e764                sunxi_flash_mmc_secwrite
                0x4091e798                sunxi_sprite_mmc_secwrite
                0x4091e7d8                sunxi_sprite_mmc_secread
                0x4091e818                sunxi_sprite_mmc_phyerase
                0x4091e878                sunxi_sprite_mmc_phywipe
                0x4091e8d8                sunxi_flash_read
                0x4091e8f0                sunxi_flash_part_read
                0x4091e93c                sunxi_flash_write
                0x4091e954                sunxi_flash_part_write
                0x4091e9a0                sunxi_flash_size
                0x4091e9b8                sunxi_flash_exit
                0x4091e9d0                sunxi_flash_flush
                0x4091e9e8                sunxi_flash_phyread
                0x4091ea00                sunxi_flash_phywrite
                0x4091ea18                sunxi_sprite_init
                0x4091ea30                sunxi_sprite_read
                0x4091ea48                sunxi_sprite_write
                0x4091ea60                sunxi_sprite_erase
                0x4091ea78                sunxi_sprite_size
                0x4091ea90                sunxi_sprite_exit
                0x4091eaa8                sunxi_sprite_flush
                0x4091eac0                sunxi_sprite_phyread
                0x4091ead8                sunxi_sprite_phywrite
                0x4091eaf0                sunxi_sprite_force_erase
                0x4091eb08                sunxi_flash_get_dev
                0x4091eb28                sunxi_flash_init_uboot
                0x4091eb7c                sunxi_flash_handle_init
 .text          0x4091f088    0x16594 drivers/video_sunxi/libvideo_sunxi.o
                0x4091f1a8                drv_disp_check_spec
                0x4091f264                drv_disp_init
                0x4091f338                drv_disp_exit
                0x4091f380                sunxi_disp_get_source_ops
                0x4091f474                disp_ioctl
                0x4091fa88                drv_disp_standby
                0x4091fbbc                disp_sys_cache_flush
                0x4091fbc0                disp_sys_register_irq
                0x4091fbd8                disp_sys_unregister_irq
                0x4091fbdc                disp_sys_enable_irq
                0x4091fbe0                disp_sys_disable_irq
                0x4091fbe4                disp_sys_irqlock
                0x4091fbe8                disp_sys_irqunlock
                0x4091fbec                disp_sys_lock
                0x4091fbf0                disp_sys_unlock
                0x4091fbf4                disp_sys_malloc
                0x4091fc1c                disp_sys_free
                0x4091fc20                disp_sys_script_get_item
                0x4091fcac                disp_sys_get_ic_ver
                0x4091fcb4                disp_sys_gpio_request
                0x4091fd1c                disp_sys_gpio_release
                0x4091fd38                disp_sys_gpio_set_direction
                0x4091fd3c                disp_sys_gpio_get_value
                0x4091fd40                disp_sys_gpio_set_value
                0x4091fd44                disp_sys_power_enable
                0x4091fd80                disp_sys_power_disable
                0x4091fdac                disp_sys_pwm_request
                0x4091fdb4                disp_sys_pwm_free
                0x4091fdbc                disp_sys_pwm_enable
                0x4091fdc4                disp_sys_pwm_disable
                0x4091fdd8                disp_sys_pwm_config
                0x4091fde0                disp_sys_pwm_set_polarity
                0x4091fde8                disp_sys_clk_set_rate
                0x4092009c                disp_sys_clk_init
                0x4092012c                disp_sys_clk_get_rate
                0x40920254                disp_sys_clk_set_parent
                0x4092025c                disp_sys_clk_enable
                0x40920624                disp_sys_clk_disable
                0x40920850                bsp_disp_shadow_protect
                0x40920908                bsp_disp_exit
                0x40920910                bsp_disp_open
                0x40920918                bsp_disp_close
                0x40920920                disp_device_attached
                0x40920a20                disp_device_attached_and_enable
                0x40920b88                disp_device_detach
                0x40920c1c                bsp_disp_device_switch
                0x40920c84                disp_init_connections
                0x40920da0                bsp_disp_init
                0x40920e28                bsp_disp_vsync_event_enable
                0x40920e40                sync_event_proc
                0x40920ef0                bsp_disp_get_output_type
                0x40920f38                bsp_disp_set_print_level
                0x40920f4c                bsp_disp_get_print_level
                0x40920f5c                bsp_disp_get_screen_physical_width
                0x40920f64                bsp_disp_get_screen_physical_height
                0x40920f6c                bsp_disp_get_screen_width
                0x40920f74                bsp_disp_get_screen_height
                0x40920f7c                bsp_disp_get_screen_width_from_output_type
                0x4092101c                bsp_disp_get_screen_height_from_output_type
                0x409210bc                bsp_disp_set_tv_func
                0x40921144                bsp_disp_set_hdmi_func
                0x409211cc                bsp_disp_hdmi_check_support_mode
                0x4092121c                bsp_disp_hdmi_get_hpd_status
                0x4092126c                bsp_disp_hdmi_get_edid
                0x409212bc                bsp_disp_tv_get_hpd_status
                0x4092130c                bsp_disp_lcd_get_open_flow
                0x4092133c                bsp_disp_lcd_get_close_flow
                0x4092136c                bsp_disp_lcd_set_panel_funs
                0x409213dc                LCD_OPEN_FUNC
                0x40921410                LCD_CLOSE_FUNC
                0x40921444                bsp_disp_get_lcd_registered
                0x40921458                bsp_disp_get_hdmi_registered
                0x40921468                bsp_disp_lcd_backlight_enable
                0x40921498                bsp_disp_lcd_backlight_disable
                0x409214c8                bsp_disp_lcd_pwm_enable
                0x409214f8                bsp_disp_lcd_pwm_disable
                0x40921528                bsp_disp_lcd_power_enable
                0x40921560                bsp_disp_lcd_power_disable
                0x40921598                bsp_disp_lcd_set_bright
                0x409215d0                bsp_disp_lcd_get_bright
                0x40921600                bsp_disp_lcd_tcon_enable
                0x40921630                bsp_disp_lcd_tcon_disable
                0x40921660                bsp_disp_lcd_pin_cfg
                0x40921698                bsp_disp_lcd_gpio_set_value
                0x409216d8                bsp_disp_lcd_gpio_set_direction
                0x40921718                bsp_disp_get_panel_info
                0x40921768                bsp_disp_feat_get_num_screens
                0x4092176c                bsp_disp_feat_get_num_channels
                0x40921770                bsp_disp_feat_get_num_layers
                0x40921774                bsp_disp_feat_get_num_layers_by_chn
                0x40921778                bsp_disp_feat_is_supported_output_types
                0x4092177c                bsp_disp_feat_is_support_capture
                0x40921780                disp_init_feat
                0x40921788                disp_device_set_manager
                0x409217c4                disp_device_unset_manager
                0x40921800                disp_device_get_resolution
                0x40921838                disp_device_get_timings
                0x40921878                disp_device_is_interlace
                0x409218a0                disp_device_get
                0x409218ec                disp_device_find
                0x4092192c                disp_device_register
                0x40921950                disp_device_unregister
                0x40923108                disp_lcd_is_enabled
                0x40923140                disp_lcd_get_bright
                0x409231bc                disp_lcd_set_bright
                0x4092378c                disp_lcd_gpio_set_value
                0x409237fc                disp_lcd_gpio_set_direction
                0x4092386c                disp_get_lcd
                0x40923a70                disp_lcd_gpio_init
                0x40923dec                disp_lcd_gpio_exit
                0x40923fec                disp_lcd_gpio_get_value
                0x40924054                disp_init_lcd
                0x40925324                disp_get_layer
                0x40925598                disp_get_layer_1
                0x40925668                disp_get_layer_manager
                0x409256ac                disp_init_mgr
                0x40925ad4                disp_delay_ms
                0x40925ae4                disp_delay_us
                0x40925af4                dump_layer_config
                0x4092602c                disp_get_smbl
                0x40926070                disp_smbl_shadow_protect
                0x40926308                disp_smbl_force_update_regs
                0x40926360                disp_init_smbl
                0x4092689c                disp_enhance_set_para
                0x40926aa0                disp_get_enhance
                0x40926ae4                disp_init_enhance
                0x40926cb0                disp_capture_commit
                0x40926da4                disp_capture_sync
                0x40926f98                disp_capture_start
                0x4092706c                disp_capture_exit
                0x409270c8                disp_capture_init
                0x4092714c                disp_capture_unset_manager
                0x409271a4                disp_capture_set_manager
                0x40927200                disp_capture_stop
                0x4092728c                disp_get_capture
                0x409272dc                disp_capture_shadow_protect
                0x40927330                disp_capture_apply
                0x40927338                disp_capture_force_apply
                0x40927340                disp_capture_suspend
                0x40927374                disp_capture_resume
                0x409273a8                disp_init_capture
                0x40927e2c                disp_vdevice_register
                0x40927ff0                disp_vdevice_unregister
                0x40928044                disp_vdevice_get_source_ops
                0x40928068                lcd_init
                0x4092809c                sunxi_lcd_delay_ms
                0x409280c4                sunxi_lcd_delay_us
                0x409280ec                sunxi_lcd_tcon_enable
                0x4092810c                sunxi_lcd_tcon_disable
                0x4092812c                sunxi_lcd_backlight_enable
                0x4092814c                sunxi_lcd_backlight_disable
                0x4092816c                sunxi_lcd_power_enable
                0x4092818c                sunxi_lcd_power_disable
                0x409281ac                sunxi_lcd_pwm_enable
                0x409281d4                sunxi_lcd_pwm_disable
                0x409281fc                sunxi_lcd_cpu_set_auto_mode
                0x40928224                sunxi_lcd_cpu_write
                0x4092824c                sunxi_lcd_cpu_write_index
                0x40928274                sunxi_lcd_cpu_write_data
                0x4092829c                sunxi_lcd_dsi_dcs_write
                0x409282c4                sunxi_lcd_dsi_dcs_write_0para
                0x409282dc                sunxi_lcd_dsi_dcs_write_1para
                0x409282fc                sunxi_lcd_dsi_dcs_write_2para
                0x4092831c                sunxi_lcd_dsi_dcs_write_3para
                0x40928344                sunxi_lcd_dsi_dcs_write_4para
                0x40928374                sunxi_lcd_dsi_dcs_write_5para
                0x409283ac                sunxi_lcd_dsi_gen_write
                0x409283d4                sunxi_lcd_dsi_gen_write_0para
                0x409283ec                sunxi_lcd_dsi_gen_write_1para
                0x4092840c                sunxi_lcd_dsi_gen_write_2para
                0x4092842c                sunxi_lcd_dsi_gen_write_3para
                0x40928454                sunxi_lcd_dsi_gen_write_4para
                0x40928484                sunxi_lcd_dsi_gen_write_5para
                0x409284bc                sunxi_lcd_dsi_clk_enable
                0x409284e8                sunxi_lcd_dsi_clk_disable
                0x40928514                sunxi_lcd_set_panel_funs
                0x4092853c                sunxi_lcd_pin_cfg
                0x40928564                sunxi_lcd_gpio_set_value
                0x4092858c                sunxi_lcd_gpio_set_direction
                0x40929b50                de_fcc_set_reg_base
                0x40929b6c                de_fcc_init
                0x40929c0c                de_fcc_update_regs
                0x40929c88                de_fcc_enable
                0x40929cbc                de_fcc_set_size
                0x40929d2c                de_fcc_set_window
                0x40929ddc                de_fcc_set_para
                0x40929e34                de_fcc_csc_set
                0x40929ec4                de_fcc_info2para
                0x40929f78                de_gsu_init
                0x4092a0c4                de_gsu_update_regs
                0x4092a18c                de_gsu_set_reg_base
                0x4092a1a8                de_gsu_enable
                0x4092a1e0                de_gsu_set_para
                0x4092a32c                de_gsu_calc_scaler_para
                0x4092a49c                de_calc_ovl_coord
                0x4092a4c0                de_gsu_sel_ovl_scaler_para
                0x4092a5ec                de_al_lyr_apply
                0x4092b5a8                de_al_mgr_apply
                0x4092b65c                de_al_mgr_sync
                0x4092b660                de_al_mgr_update_regs
                0x4092b6ac                de_al_query_irq
                0x4092b6b0                de_al_init
                0x4092b700                disp_al_layer_apply
                0x4092b704                disp_al_manager_init
                0x4092b70c                disp_al_manager_exit
                0x4092b714                disp_al_manager_apply
                0x4092b718                disp_al_manager_sync
                0x4092b71c                disp_al_manager_update_regs
                0x4092b720                disp_al_manager_query_irq
                0x4092b724                disp_al_enhance_apply
                0x4092b728                disp_al_enhance_update_regs
                0x4092b72c                disp_al_enhance_sync
                0x4092b730                disp_al_capture_init
                0x4092b738                disp_al_capture_exit
                0x4092b740                disp_al_capture_sync
                0x4092b778                disp_al_capture_apply
                0x4092b794                disp_al_capture_get_status
                0x4092b798                disp_al_smbl_apply
                0x4092b7b4                disp_al_smbl_update_regs
                0x4092b7d0                disp_al_smbl_sync
                0x4092b7ec                disp_al_smbl_get_status
                0x4092b808                disp_al_lcd_get_clk_info
                0x4092b8ac                disp_al_vdevice_cfg
                0x4092b9b8                disp_al_vdevice_enable
                0x4092b9fc                disp_al_vdevice_disable
                0x4092ba18                disp_al_device_get_cur_line
                0x4092ba34                disp_al_device_get_start_delay
                0x4092ba50                disp_al_device_query_irq
                0x4092ba70                disp_al_lcd_cfg
                0x4092bad8                disp_al_lcd_enable
                0x4092bb08                disp_al_lcd_disable
                0x4092bb30                disp_al_lcd_query_irq
                0x4092bb48                disp_al_lcd_tri_busy
                0x4092bb5c                disp_al_lcd_tri_start
                0x4092bb60                disp_al_lcd_io_cfg
                0x4092bb68                disp_al_lcd_get_cur_line
                0x4092bb84                disp_al_lcd_get_start_delay
                0x4092bba0                disp_al_hdmi_enable
                0x4092bbb0                disp_al_hdmi_disable
                0x4092bbcc                disp_al_hdmi_cfg
                0x4092bbf0                disp_init_al
                0x4092bc44                de_peak_set_reg_base
                0x4092bc60                de_peak_update_regs
                0x4092bca4                de_peak_init
                0x4092bd24                de_peak_enable
                0x4092bd58                de_peak_set_size
                0x4092bda4                de_peak_set_window
                0x4092be54                de_peak_set_para
                0x4092bee8                de_peak_info2para
                0x4092bf3c                de_rtmx_update_regs
                0x4092c1cc                de_rtmx_set_gld_reg_base
                0x4092c1e8                de_rtmx_set_bld_reg_base
                0x4092c204                de_rtmx_set_overlay_reg_base
                0x4092c254                de_rtmx_init
                0x4092c5a8                de_rtmx_set_display_size
                0x4092c60c                de_rtmx_set_dbuff_rdy
                0x4092c638                de_rtmx_set_enable
                0x4092c67c                de_rtmx_query_irq
                0x4092c69c                de_rtmx_set_lay_cfg
                0x4092c964                de_rtmx_set_lay_haddr
                0x4092cab0                de_rtmx_set_lay_laddr
                0x4092cd24                de_rtmx_get_3d_in_single_size
                0x4092cda0                de_rtmx_get_3d_in
                0x4092d1d4                de_rtmx_get_li_addr_offset
                0x4092d1e4                de_rtmx_get_3d_out
                0x4092d258                de_rtmx_set_lay_fcolor
                0x4092d34c                de_rtmx_set_overlay_size
                0x4092d440                de_rtmx_set_coarse_fac
                0x4092d6a8                de_rtmx_set_pf_en
                0x4092d71c                de_rtmx_set_pipe_cfg
                0x4092d7c4                de_rtmx_set_route
                0x4092d808                de_rtmx_set_premul
                0x4092d844                de_rtmx_set_background_color
                0x4092d874                de_rtmx_set_blend_size
                0x4092d8d8                de_rtmx_set_blend_mode
                0x4092d9c8                de_rtmx_set_outitl
                0x4092da00                de_rtmx_set_colorkey
                0x4092da74                de_rtmx_extend_rect
                0x4092db28                de_rtmx_calc_chnrect
                0x4092dd18                de_rtmx_trimcoord
                0x4092de7c                de_rtmx_get_premul_ctl
                0x4092df34                de_vsu_update_regs
                0x4092e140                de_vsu_init
                0x4092e3d4                de_vsu_set_reg_base
                0x4092e3f0                de_vsu_enable
                0x4092e424                de_vsu_set_para
                0x4092e6fc                de_vsu_calc_scaler_para
                0x4092ea60                de_vsu_sel_ovl_scaler_para
                0x4092ec20                de_vsu_recalc_scale_para
                0x4092ec98                de_feat_get_num_devices
                0x4092eca0                de_feat_get_num_chns
                0x4092eca8                de_feat_get_num_vi_chns
                0x4092ecb0                de_feat_get_num_ui_chns
                0x4092ecb8                de_feat_get_num_layers
                0x4092ecc8                de_feat_get_num_layers_by_chn
                0x4092ecec                de_feat_is_support_vep
                0x4092ecf4                de_feat_is_support_vep_by_chn
                0x4092ed1c                de_feat_is_support_smbl
                0x4092ed24                de_feat_is_supported_output_types
                0x4092ed2c                de_feat_is_support_wb
                0x4092ed34                de_feat_is_support_scale
                0x4092ed44                de_feat_is_support_scale_by_chn
                0x4092ed6c                de_feat_init
                0x4092f518                hmdi_src_sel
                0x4092f538                dsi_src_sel
                0x4092f558                lvds_open
                0x4092f72c                lvds_close
                0x4092f7cc                tcon_get_timing
                0x4092f968                tcon_set_reg_base
                0x4092f980                tcon_get_reg_base
                0x4092f990                tcon_init
                0x4092f9dc                tcon_exit
                0x4092f9fc                tcon_irq_enable
                0x4092fa24                tcon_irq_disable
                0x4092fa48                tcon_irq_query
                0x4092fa80                tcon_get_start_delay
                0x4092fabc                tcon_get_cur_line
                0x4092fafc                tcon0_src_select
                0x4092fb1c                tcon0_src_get
                0x4092fb34                tcon0_open
                0x4092fbe8                tcon0_close
                0x4092fc44                tcon0_tri_busy
                0x4092fc5c                tcon0_tri_start
                0x4092fc7c                tcon0_frm
                0x4092fd94                tcon0_cpu_16b_to_24b
                0x4092fdbc                tcon0_cpu_24b_to_16b
                0x4092fde0                tcon0_cpu_busy
                0x4092fe04                tcon0_cpu_set_auto_mode
                0x4092fe30                tcon0_cpu_wr_24b_index
                0x4092fea8                tcon0_cpu_wr_24b_data
                0x4092ff20                tcon0_cpu_wr_24b
                0x4092ff44                tcon0_cpu_rd_24b_data
                0x40930040                tcon0_cpu_wr_16b
                0x40930078                tcon0_cpu_wr_16b_index
                0x4093009c                tcon0_cpu_wr_16b_data
                0x409300c0                tcon0_cpu_rd_16b
                0x409300c8                tcon0_set_dclk_div
                0x409300e8                tcon0_get_dclk_div
                0x40930100                tcon1_open
                0x4093012c                tcon1_close
                0x40930158                tcon1_cfg
                0x4093037c                tcon1_cfg_ex
                0x40930420                tcon1_set_timming
                0x4093055c                tcon1_set_tv_mode
                0x40930564                tcon1_src_select
                0x4093058c                tcon1_src_get
                0x409305a4                tcon_ceu
                0x409309c4                tcon_gamma
                0x40930a20                tcon_cmap
                0x40930b70                tcon0_cfg_ext
                0x40930ba4                tcon0_cfg
                0x40930f6c                de_lti_set_reg_base
                0x40930f88                de_lti_update_regs
                0x40930fcc                de_lti_init
                0x40931048                de_lti_enable
                0x4093107c                de_lti_set_size
                0x409310c8                de_lti_set_window
                0x40931178                de_lti_set_para
                0x40931244                de_lti_info2para
                0x40931298                de_fce_set_reg_base
                0x409312b4                de_fce_update_regs
                0x409312f8                de_fce_init
                0x40931490                de_fce_enable
                0x409314c4                de_fce_set_size
                0x40931510                de_fce_set_window
                0x409315c0                de_fce_csc_en
                0x409315f4                de_fce_set_para
                0x40931680                de_fce_get_hist
                0x409316c4                de_fce_set_ce
                0x40931708                de_fce_info2para
                0x409317c8                auto_ce_model
                0x409318ec                de_hist_apply
                0x409319a8                de_hist_sync
                0x40931a3c                de_ce_apply
                0x40931ab0                de_ce_sync
                0x40931b70                de_ase_set_reg_base
                0x40931b8c                de_ase_update_regs
                0x40931bd0                de_ase_init
                0x40931c4c                de_ase_enable
                0x40931c80                de_ase_set_size
                0x40931ccc                de_ase_set_window
                0x40931d7c                de_ase_set_para
                0x40931db4                de_ase_info2para
                0x40931e00                de_bws_set_reg_base
                0x40931e1c                de_bws_update_regs
                0x40931e60                de_bws_init
                0x40931f1c                de_bws_enable
                0x40931f50                de_bws_set_size
                0x40931f9c                de_bws_set_window
                0x4093204c                de_bws_set_para
                0x409320a4                de_bws_info2para
                0x409320f8                de_bws_apply
                0x40932180                de_bws_sync
                0x4093251c                de_enhance_info2data
                0x409326a0                de_enhance_apply
                0x40932980                de_enhance_sync
                0x409329f0                de_enhance_update_regs
                0x40932a78                de_enhance_init
                0x40932b7c                de_smbl_update_regs
                0x40932c10                de_smbl_set_reg_base
                0x40932c28                de_smbl_init
                0x40932de8                de_smbl_enable
                0x40932e18                de_smbl_set_window
                0x40932ec4                de_smbl_set_para
                0x40932fa0                de_smbl_apply
                0x4093306c                de_smbl_set_lut
                0x409330a4                de_smbl_get_hist
                0x409330cc                de_smbl_sync
                0x4093332c                de_smbl_get_status
                0x40933344                de_ccsc_update_regs
                0x409333e4                de_ccsc_init
                0x409335f8                IntRightShift
                0x40933628                IntRightShift64
                0x40933698                de_csc_coeff_calc
                0x409347e4                de_ccsc_apply
                0x40934964                de_dcsc_apply
                0x40934ad8                de_dcsc_update_regs
                0x40934b74                de_dcsc_init
                0x40934cc8                WB_EBIOS_Set_Reg_Base
                0x40934ce0                WB_EBIOS_Get_Reg_Base
                0x40934cf0                WB_EBIOS_Init
                0x40934d0c                WB_EBIOS_Writeback_Enable
                0x40934d30                WB_EBIOS_Apply
                0x40934d4c                WB_EBIOS_Set_Para
                0x40935320                WB_EBIOS_Update_Regs
                0x40935338                WB_EBIOS_Get_Status
                0x4093537c                WB_EBIOS_EnableINT
                0x4093539c                WB_EBIOS_DisableINT
                0x409353bc                WB_EBIOS_QueryINT
                0x409353d0                WB_EBIOS_ClearINT
                0x409355f8                de_clk_enable
                0x40935600                de_clk_disable
                0x40935608                de_clk_set_reg_base
 .text          0x4093561c     0x3684 fs/aw_fs/libawfat.o
                0x40935f78                get_fattime
                0x40935f80                clust2sect
                0x40935fa4                get_fat
                0x409361c8                aw_get_fat
                0x409362ec                put_fat
                0x40936bc4                aw_put_fat
                0x40936e60                f_mount
                0x40936ee0                f_mount_ex
                0x40936f44                f_open
                0x4093713c                f_read
                0x40937468                f_write
                0x4093779c                f_sync
                0x4093788c                f_close
                0x40937a58                f_tell
                0x40937a78                f_eof
                0x40937ac8                f_lseek
                0x40937cf8                f_opendir
                0x40937da8                f_readdir
                0x40937e34                f_stat
                0x40937ea4                f_getfree
                0x40938004                f_truncate
                0x40938100                f_unlink
                0x40938250                f_mkdir
                0x4093843c                f_chmod
                0x409384c8                f_utime
                0x40938560                f_rename
                0x40938720                f_gets
                0x40938798                f_putc
                0x409387dc                f_puts
                0x40938820                f_printf
                0x40938b94                disk_initialize
                0x40938b9c                disk_status
                0x40938ba4                disk_read_fs
                0x40938c1c                disk_write
                0x40938c98                disk_ioctl
 .text          0x40938ca0     0x2870 fs/fat/libfat.o
                0x40938cd4                downcase
                0x40938cf8                disk_read
                0x40938d4c                fat_register_device
                0x40938e5c                get_name
                0x40938f20                get_fatent
                0x4093904c                get_cluster
                0x409390e0                get_contents
                0x4093925c                slot2str
                0x40939328                get_vfatname
                0x409394e4                mkcksum
                0x40939514                read_bootsectandvi
                0x40939604                do_fat_read
                0x40939eb4                file_fat_detectfs
                0x4093a00c                file_fat_ls
                0x4093a01c                file_fat_read
                0x4093b17c                file_fat_write
                0x4093b1b0                file_getfsname
                0x4093b1c8                file_cd
                0x4093b3bc                file_detectfs
                0x4093b3f8                file_ls
                0x4093b47c                file_read
 .text          0x4093b510     0x2d6c lib/libgeneric.o
                0x4093b510                crc7
                0x4093b540                cyg_crc16
                0x4093b584                crc32_no_comp
                0x4093b664                crc32
                0x4093b678                crc32_wd
                0x4093b67c                display_options
                0x4093b69c                print_size
                0x4093b7d0                print_buffer
                0x4093b91c                zfree
                0x4093b924                zalloc
                0x4093b934                zunzip
                0x4093ba3c                gunzip
                0x4093bafc                hcreate_r
                0x4093bb9c                hdestroy_r
                0x4093bc10                hstrstr_r
                0x4093bcbc                hmatch_r
                0x4093bd5c                hsearch_r
                0x4093c048                hdelete_r
                0x4093c0d0                hexport_r
                0x4093c2ec                himport_r
                0x4093c6f4                lmb_dump_all
                0x4093c6f8                lmb_init
                0x4093c720                lmb_add
                0x4093c724                lmb_free
                0x4093c848                lmb_reserve
                0x4093c850                lmb_overlaps_region
                0x4093c8ac                __lmb_alloc_base
                0x4093c9dc                lmb_alloc_base
                0x4093ca10                lmb_alloc
                0x4093ca18                lmb_is_reserved
                0x4093ca78                board_lmb_reserve
                0x4093ca78                __board_lmb_reserve
                0x4093ca7c                __arch_lmb_reserve
                0x4093ca80                ldiv
                0x4093caa8                string_to_ip
                0x4093cb04                qsort
                0x4093cbd0                strcmp_compar
                0x4093cbdc                strmhz
                0x4093cc38                __div64_32
                0x4093cd08                strcpy
                0x4093cd20                strncpy
                0x4093cd44                strcat
                0x4093cd70                strncat
                0x4093cdc4                strcmp
                0x4093cdec                strncmp
                0x4093ce30                strcasecmp
                0x4093ce8c                strncasecmp
                0x4093cef0                strchr
                0x4093cf24                strlen
                0x4093cf44                strrchr
                0x4093cf80                strnlen
                0x4093cfac                strdup
                0x4093cfe0                strspn
                0x4093d020                strpbrk
                0x4093d05c                strtok
                0x4093d0d4                strsep
                0x4093d108                strswab
                0x4093d154                memset
                0x4093d1c4                bcopy
                0x4093d1ec                memcpy
                0x4093d258                memmove
                0x4093d2c4                memcmp
                0x4093d2f8                memscan
                0x4093d324                strstr
                0x4093d384                memchr
                0x4093d3b4                udelay
                0x4093d8e8                simple_strtoul
                0x4093d994                strict_strtoul
                0x4093da0c                simple_strtol
                0x4093da34                ustrtoul
                0x4093daa8                simple_strtoull
                0x4093dba8                vsprintf
                0x4093e200                sprintf
                0x4093e224                panic
                0x4093e268                __assert_fail
 .text          0x4093e27c     0x269c lib/zlib/libz.o
                0x4093e27c                zcfree
                0x4093e284                zcalloc
                0x4093e28c                inflate_fast
                0x4093e838                inflate_table
                0x4093edfc                inflateReset
                0x4093ee7c                inflateInit2_
                0x4093ef80                inflateInit_
                0x4093ef94                inflateEnd
                0x4093f000                adler32
                0x4093f2bc                inflate
 .text          0x40940918      0xbc0 memtest/libsunxi_memtest.o
                0x40940918                compare_regions
                0x4094099c                test_stuck_address
                0x40940ac0                test_random_value
                0x40940b80                test_xor_comparison
                0x40940be8                test_sub_comparison
                0x40940c50                test_mul_comparison
                0x40940cb8                test_div_comparison
                0x40940d28                test_or_comparison
                0x40940d90                test_and_comparison
                0x40940df8                test_seqinc_comparison
                0x40940e54                test_solidbits_comparison
                0x40940f28                test_checkerboard_comparison
                0x40941008                test_blockseq_comparison
                0x409410d0                test_walkbits0_comparison
                0x409411b4                test_walkbits1_comparison
                0x40941298                test_bitspread_comparison
                0x409413d8                test_bitflip_comparison
 .text          0x409414d8      0x408 nand_sunxi/sun8iw8/nand_interface/libnand_interface.o
                0x409414d8                spinand_get_mbr
                0x40941644                spinand_uboot_init
                0x409416a0                spinand_uboot_exit
                0x40941708                spinand_uboot_probe
                0x4094170c                spinand_uboot_read
                0x40941728                spinand_uboot_write
                0x40941744                spinand_download_boot0
                0x4094177c                spinand_download_uboot
                0x409417b4                spinand_force_download_uboot
                0x409417fc                spinand_uboot_erase
                0x40941800                spinand_uboot_get_flash_info
                0x40941804                spinand_uboot_set_flash_info
                0x4094180c                spinand_uboot_get_flash_size
                0x40941810                spinand_uboot_flush
                0x40941814                nand_write_uboot
                0x4094183c                nand_read_uboot
                0x40941864                nand_get_dev
                0x40941884                nand_erase_uboot
                0x4094188c                nand_init_uboot
 .text          0x409418e0     0x1fc8 nand_sunxi/sun8iw8/osal/libnand_osal.o
                0x40941970                get_wvalue
                0x40941978                put_wvalue
                0x40941980                NAND_set_boot_mode
                0x40941994                NAND_Print
                0x409419d0                NAND_Print_DBG
                0x40941a0c                NAND_CleanFlushDCacheRegion
                0x40941a1c                NAND_DMASingleMap
                0x40941a24                NAND_DMASingleUnmap
                0x40941a2c                NAND_AllocMemoryForDMADescs
                0x40941a7c                NAND_FreeMemoryForDMADescs
                0x40941aa0                _Getpll6Clk
                0x40941ad4                _get_spic_clk
                0x40941b4c                _change_spic_clk
                0x40941c38                _close_spic_clk
                0x40941c78                _open_ahb_gate_and_reset
                0x40941cd8                _close_spic_ahb_gate_and_reset
                0x40941d28                _cfg_spic_gpio
                0x40941d8c                NAND_ClkRequest
                0x40941dcc                NAND_ClkRelease
                0x40941de4                NAND_SetClk
                0x40941e18                NAND_GetClk
                0x40941e44                NAND_PIORequest
                0x40941e64                NAND_PIORelease
                0x40941e68                NAND_Memset
                0x40941e6c                NAND_Memcpy
                0x40941e70                NAND_Malloc
                0x40941e74                NAND_Free
                0x40941e78                OSAL_IrqUnLock
                0x40941e7c                OSAL_IrqLock
                0x40941e80                NAND_WaitRbReady
                0x40941e88                NAND_IORemap
                0x40941e8c                NAND_VA_TO_PA
                0x40941e90                NAND_GetIOBaseAddr
                0x40941e9c                NAND_GetNdfcDmaMode
                0x40941ea4                NAND_PhysicLockInit
                0x40941eac                NAND_PhysicLock
                0x40941eb4                NAND_PhysicUnLock
                0x40941ebc                NAND_PhysicLockExit
                0x40941ec4                NAND_GetMaxChannelCnt
                0x40941ecc                NAND_GetPlatform
                0x40941ed4                nand_request_tx_dma
                0x40941f20                nand_request_rx_dma
                0x40941f6c                NAND_ReleaseTxDMA
                0x40941fa8                NAND_ReleaseRxDMA
                0x40941fe4                nand_dma_config_start
                0x4094219c                NAND_WaitDmaFinish
                0x40942240                Nand_Dma_End
                0x40942248                NAND_GetNandExtPara
                0x409422d8                NAND_GetNandIDNumCtrl
                0x40942330                nand_cond_resched
                0x40942334                NAND_GetNandCapacityLevel
                0x4094238c                NAND_Print_level
                0x409423bc                NAND_DumpReg
                0x4094243c                NAND_ShowEnv
                0x409424dc                NAND_Print_Version
                0x40942528                NAND_GetVoltage
                0x40942530                NAND_ReleaseVoltage
                0x40942538                msg
                0x40942558                __NAND_UpdatePhyArch
                0x40942570                NAND_PhyInit
                0x409425b8                NAND_PhyExit
                0x409425d4                NAND_LogicWrite
                0x409425d8                NAND_LogicRead
                0x409425dc                NAND_LogicInit
                0x40942798                NAND_LogicExit
                0x409427c4                NAND_build_all_partition
                0x4094287c                max_badblk
                0x40942888                mark_bad_block
                0x409429f4                NAND_VersionGet
                0x40942a28                NAND_VersionCheck
                0x40942be8                NAND_EraseBootBlocks
                0x40942c50                NAND_EraseChip
                0x40942e24                NAND_EraseChip_force
                0x40942ffc                NAND_UbootInit
                0x4094305c                NAND_UbootExit
                0x40943060                NAND_UbootProbe
                0x40943094                NAND_UbootRead
                0x40943098                NAND_UbootWrite
                0x4094309c                NAND_Uboot_Erase
                0x40943118                SPINAND_Uboot_Force_Erase
                0x40943158                burn_boot0_1k_mode
                0x409432c4                NAND_BurnBoot0
                0x409432dc                burn_uboot_in_one_blk
                0x409435b8                burn_uboot_in_many_blks
                0x409437b0                NAND_BurnUboot
                0x40943840                NAND_GetParam_store
                0x409438a4                NAND_FlushCache
 .text          0x409438a8     0x2a1c net/libnet.o
                0x40943f6c                BootpRequest
                0x40944160                DhcpRequest
                0x40944164                cpu_eth_init
                0x409441c4                eth_parse_enetaddr
                0x40944218                eth_getenv_enetaddr
                0x40944274                eth_setenv_enetaddr
                0x409442a8                eth_getenv_enetaddr_by_index
                0x409442f8                eth_get_dev
                0x40944308                eth_get_dev_by_name
                0x4094438c                eth_get_dev_by_index
                0x409443d4                eth_get_dev_index
                0x40944424                eth_write_hwaddr
                0x40944570                eth_register
                0x409445f4                eth_initialize
                0x40944788                eth_halt
                0x409447b8                eth_send
                0x409447f0                eth_rx
                0x4094481c                eth_try_another
                0x40944894                eth_init
                0x40944960                eth_set_current
                0x409449f0                eth_get_name
                0x40944a94                NetSetHandler
                0x40944aa4                NetSetTimeout
                0x40944ad4                NetStartAgain
                0x40944bdc                NetSendPacket
                0x40944be0                NetCksumOk
                0x40944be8                NetCksum
                0x40944bf0                NetEthHdrSize
                0x40944c2c                NetSetEther
                0x40944cd0                NetReceive
                0x40945150                ArpRequest
                0x40945240                ArpTimeoutCheck
                0x409452b0                PingSend
                0x409453c0                NetSetIP
                0x409454a8                NetSendUDPPacket
                0x409455e0                copy_filename
                0x40945624                ip_to_string
                0x40945658                VLAN_to_string
                0x409456a4                string_to_VLAN
                0x409456ec                getenv_VLAN
                0x409456fc                NetLoop
                0x40945fe0                TftpStart
 .text          0x409462c4     0x4824 sprite/libsprite.o
                0x409462c4                initqueue
                0x40946374                destroyqueue
                0x409463a4                resetqueue
                0x409463f8                enqueue
                0x409463fc                outqueue
                0x40946400                isqueueempty
                0x40946418                isqueuefull
                0x40946440                inqueue_query
                0x40946468                inqueue_ex
                0x40946494                outqueue_query
                0x409464ac                outqueue_ex
                0x409464e0                sunxi_queue_init
                0x40946528                sunxi_queue_destroy
                0x40946538                sunxi_queue_reset
                0x40946548                sunxi_queue_isempty
                0x40946558                sunxi_queue_isfull
                0x40946568                sunxi_inqueue_query
                0x4094657c                sunxi_queue_in
                0x4094658c                sunxi_outqueue_query
                0x409465a8                sunxi_queue_out
                0x40946b60                sprite_card_firmware_start
                0x40946b68                sprite_card_firmware_probe
                0x40946b8c                sprite_card_fetch_download_map
                0x40946c10                sprite_card_fetch_mbr
                0x40946c94                sunxi_sprite_deal_part
                0x40947238                sunxi_sprite_deal_uboot
                0x40947318                sunxi_sprite_deal_boot0
                0x4094741c                card_download_uboot
                0x40947440                card_download_boot0
                0x40947464                card_upload_boot0
                0x40947490                card_download_standard_mbr
                0x40947660                card_erase
                0x409478cc                sunxi_card_fill_boot0_magic
                0x40947a60                sunxi_sprite_deal_part_from_sysrevoery
                0x40947bd8                __imagehd
                0x40947bf4                get_code_key
                0x40947c38                init_code
                0x40947ca8                encode
                0x40947cc0                decode
                0x40947cec                exit_code
                0x40947cf4                TFInitial
                0x40947d6c                TFDecode
                0x40947dbc                TFUnInitial
                0x40947de4                qp
                0x40947e5c                gen_qtab
                0x40947ea0                gen_mtab
                0x40947f70                h_fun